OpenJDK 64-Bit Server VM (25.372-b07) for linux-amd64 JRE (1.8.0_372-b07), built on May 15 2023 14:44:58 by "mockbuild" with gcc 4.8.5 20150623 (Red Hat 4.8.5-44)
Memory: 4k page, physical 2113358528k(272981024k free), swap 8388604k(561092k free)
CommandLine flags: -XX:+CMSClassUnloadingEnabled -XX:CMSInitiatingOccupancyFraction=70 -XX:+CMSParallelRemarkEnabled -XX:GCLogFileSize=104857600 -XX:InitialHeapSize=1073741824 -XX:MaxHeapSize=1073741824 -XX:MaxNewSize=536870912 -XX:NewSize=536870912 -XX:NumberOfGCLogFiles=10 -XX:OldPLABSize=16 -XX:+PrintGC -XX:+PrintGCDateStamps -XX:+PrintGCDetails -XX:+PrintGCTimeStamps -XX:SoftRefLRUPolicyMSPerMB=0 -XX:SurvivorRatio=8 -XX:+UseCMSCompactAtFullCollection -XX:+UseCompressedClassPointers -XX:+UseCompressedOops -XX:+UseConcMarkSweepGC -XX:+UseGCLogFileRotation -XX:-UseParNewGC 
2025-07-11T10:25:26.383+0800: 1.139: [GC (Allocation Failure) 2025-07-11T10:25:26.383+0800: 1.139: [DefNew: 419456K->6119K(471872K), 0.0216147 secs] 419456K->6119K(996160K), 0.0218029 secs] [Times: user=0.03 sys=0.01, real=0.03 secs] 
2025-07-11T10:25:27.121+0800: 1.876: [GC (Allocation Failure) 2025-07-11T10:25:27.121+0800: 1.877: [DefNew: 425575K->15328K(471872K), 0.0381507 secs] 425575K->15328K(996160K), 0.0382897 secs] [Times: user=0.04 sys=0.01, real=0.04 secs] 
2025-07-11T10:25:27.160+0800: 1.915: [GC (CMS Initial Mark) [1 CMS-initial-mark: 0K(524288K)] 21628K(996160K), 0.0107614 secs] [Times: user=0.02 sys=0.00, real=0.01 secs] 
2025-07-11T10:25:27.171+0800: 1.926: [CMS-concurrent-mark-start]
2025-07-11T10:25:27.175+0800: 1.931: [CMS-concurrent-mark: 0.004/0.004 secs] [Times: user=0.01 sys=0.00, real=0.00 secs] 
2025-07-11T10:25:27.175+0800: 1.931: [CMS-concurrent-preclean-start]
2025-07-11T10:25:27.176+0800: 1.932: [CMS-concurrent-preclean: 0.001/0.001 secs] [Times: user=0.00 sys=0.00, real=0.00 secs] 
2025-07-11T10:25:27.176+0800: 1.932: [CMS-concurrent-abortable-preclean-start]
2025-07-11T10:25:27.463+0800: 2.219: [GC (Allocation Failure) 2025-07-11T10:25:27.463+0800: 2.219: [DefNew2025-07-11T10:25:27.478+0800: 2.234: [CMS-concurrent-abortable-preclean: 0.145/0.302 secs] [Times: user=1.65 sys=0.06, real=0.31 secs] 
: 434784K->18594K(471872K), 0.0351970 secs] 434784K->18594K(996160K), 0.0353231 secs] [Times: user=0.02 sys=0.01, real=0.04 secs] 
2025-07-11T10:25:27.499+0800: 2.255: [GC (CMS Final Remark) [YG occupancy: 19139 K (471872 K)]2025-07-11T10:25:27.499+0800: 2.255: [Rescan (non-parallel) 2025-07-11T10:25:27.499+0800: 2.255: [grey object rescan, 0.0006524 secs]2025-07-11T10:25:27.500+0800: 2.256: [root rescan, 0.0117338 secs]2025-07-11T10:25:27.512+0800: 2.267: [visit unhandled CLDs, 0.0000096 secs]2025-07-11T10:25:27.512+0800: 2.267: [dirty klass scan, 0.0002218 secs], 0.0126617 secs]2025-07-11T10:25:27.512+0800: 2.268: [weak refs processing, 0.0000221 secs]2025-07-11T10:25:27.512+0800: 2.268: [class unloading, 0.0045517 secs]2025-07-11T10:25:27.516+0800: 2.272: [scrub symbol table, 0.0030771 secs]2025-07-11T10:25:27.520+0800: 2.275: [scrub string table, 0.0003208 secs][1 CMS-remark: 0K(524288K)] 19139K(996160K), 0.0218890 secs] [Times: user=0.03 sys=0.00, real=0.02 secs] 
2025-07-11T10:25:27.521+0800: 2.277: [CMS-concurrent-sweep-start]
2025-07-11T10:25:27.522+0800: 2.277: [CMS-concurrent-sweep: 0.000/0.000 secs] [Times: user=0.00 sys=0.00, real=0.00 secs] 
2025-07-11T10:25:27.522+0800: 2.277: [CMS-concurrent-reset-start]
2025-07-11T10:25:27.532+0800: 2.288: [CMS-concurrent-reset: 0.010/0.010 secs] [Times: user=0.04 sys=0.01, real=0.01 secs] 
2025-07-11T10:25:28.085+0800: 2.840: [GC (Allocation Failure) 2025-07-11T10:25:28.085+0800: 2.841: [DefNew: 438050K->21664K(471872K), 0.0384594 secs] 438050K->21664K(996160K), 0.0386034 secs] [Times: user=0.05 sys=0.00, real=0.03 secs] 
2025-07-11T10:25:29.775+0800: 4.531: [GC (Allocation Failure) 2025-07-11T10:25:29.775+0800: 4.531: [DefNew: 441120K->47011K(471872K), 0.0489729 secs] 441120K->47011K(996160K), 0.0491044 secs] [Times: user=0.06 sys=0.01, real=0.06 secs] 
2025-07-11T10:25:29.825+0800: 4.581: [GC (CMS Initial Mark) [1 CMS-initial-mark: 0K(524288K)] 53588K(996160K), 0.0142776 secs] [Times: user=0.01 sys=0.00, real=0.01 secs] 
2025-07-11T10:25:29.840+0800: 4.596: [CMS-concurrent-mark-start]
2025-07-11T10:25:29.844+0800: 4.600: [CMS-concurrent-mark: 0.004/0.004 secs] [Times: user=0.02 sys=0.00, real=0.00 secs] 
2025-07-11T10:25:29.844+0800: 4.600: [CMS-concurrent-preclean-start]
2025-07-11T10:25:29.845+0800: 4.601: [CMS-concurrent-preclean: 0.001/0.001 secs] [Times: user=0.02 sys=0.00, real=0.01 secs] 
2025-07-11T10:25:29.845+0800: 4.601: [CMS-concurrent-abortable-preclean-start]
2025-07-11T10:25:30.083+0800: 4.839: [CMS-concurrent-abortable-preclean: 0.177/0.237 secs] [Times: user=1.64 sys=0.02, real=0.23 secs] 
2025-07-11T10:25:30.083+0800: 4.839: [GC (CMS Final Remark) [YG occupancy: 357806 K (471872 K)]2025-07-11T10:25:30.083+0800: 4.839: [Rescan (non-parallel) 2025-07-11T10:25:30.083+0800: 4.839: [grey object rescan, 0.0003697 secs]2025-07-11T10:25:30.084+0800: 4.839: [root rescan, 0.0436058 secs]2025-07-11T10:25:30.127+0800: 4.883: [visit unhandled CLDs, 0.0000145 secs]2025-07-11T10:25:30.127+0800: 4.883: [dirty klass scan, 0.0004289 secs], 0.0444627 secs]2025-07-11T10:25:30.128+0800: 4.884: [weak refs processing, 0.0000236 secs]2025-07-11T10:25:30.128+0800: 4.884: [class unloading, 0.0067593 secs]2025-07-11T10:25:30.135+0800: 4.890: [scrub symbol table, 0.0068668 secs]2025-07-11T10:25:30.141+0800: 4.897: [scrub string table, 0.0004387 secs][1 CMS-remark: 0K(524288K)] 357806K(996160K), 0.0605769 secs] [Times: user=0.08 sys=0.00, real=0.06 secs] 
2025-07-11T10:25:30.144+0800: 4.900: [CMS-concurrent-sweep-start]
2025-07-11T10:25:30.144+0800: 4.900: [CMS-concurrent-sweep: 0.000/0.000 secs] [Times: user=0.00 sys=0.00, real=0.00 secs] 
2025-07-11T10:25:30.145+0800: 4.900: [CMS-concurrent-reset-start]
2025-07-11T10:25:30.146+0800: 4.902: [CMS-concurrent-reset: 0.001/0.001 secs] [Times: user=0.00 sys=0.00, real=0.00 secs] 
2025-07-11T10:25:30.417+0800: 5.173: [GC (Allocation Failure) 2025-07-11T10:25:30.417+0800: 5.173: [DefNew: 466467K->29536K(471872K), 0.0882941 secs] 466467K->76204K(996160K), 0.0885752 secs] [Times: user=0.31 sys=0.02, real=0.09 secs] 
2025-07-11T10:25:31.275+0800: 6.031: [GC (Allocation Failure) 2025-07-11T10:25:31.275+0800: 6.031: [DefNew: 448992K->29723K(471872K), 0.0660906 secs] 495660K->105504K(996160K), 0.0664492 secs] [Times: user=0.06 sys=0.01, real=0.07 secs] 
2025-07-11T10:25:32.030+0800: 6.786: [GC (Allocation Failure) 2025-07-11T10:25:32.030+0800: 6.786: [DefNew: 449179K->26858K(471872K), 0.0770428 secs] 524960K->132482K(996160K), 0.0774494 secs] [Times: user=0.43 sys=0.01, real=0.08 secs] 
2025-07-11T10:47:46.930+0800: 1341.686: [GC (Allocation Failure) 2025-07-11T10:47:46.932+0800: 1341.688: [DefNew: 446314K->47411K(471872K), 0.1286402 secs] 551938K->179212K(996160K), 0.1310828 secs] [Times: user=0.09 sys=0.04, real=0.13 secs] 
2025-07-11T11:33:29.672+0800: 4084.427: [GC (Allocation Failure) 2025-07-11T11:33:29.676+0800: 4084.432: [DefNew: 466860K->52415K(471872K), 0.1826839 secs] 598661K->246574K(996160K), 0.1882120 secs] [Times: user=0.07 sys=0.12, real=0.19 secs] 
2025-07-11T12:32:26.859+0800: 7621.615: [GC (Allocation Failure) 2025-07-11T12:32:26.861+0800: 7621.617: [DefNew: 471871K->47463K(471872K), 0.1386085 secs] 666030K->293947K(996160K), 0.1415730 secs] [Times: user=0.09 sys=0.06, real=0.14 secs] 
2025-07-11T13:34:53.375+0800: 11368.131: [GC (Allocation Failure) 2025-07-11T13:34:53.377+0800: 11368.133: [DefNew: 466919K->37240K(471872K), 0.1152586 secs] 713403K->330464K(996160K), 0.1181274 secs] [Times: user=0.07 sys=0.06, real=0.12 secs] 
2025-07-11T14:58:02.248+0800: 16357.004: [GC (Allocation Failure) 2025-07-11T14:58:02.256+0800: 16357.012: [DefNew: 456696K->8157K(471872K), 0.1101051 secs] 749920K->337625K(996160K), 0.1191308 secs] [Times: user=0.03 sys=0.10, real=0.12 secs] 
2025-07-11T16:26:13.843+0800: 21648.599: [GC (Allocation Failure) 2025-07-11T16:26:13.845+0800: 21648.601: [DefNew: 427613K->7403K(471872K), 0.0438061 secs] 757081K->336871K(996160K), 0.0462163 secs] [Times: user=0.03 sys=0.02, real=0.05 secs] 
2025-07-11T17:54:17.840+0800: 26932.596: [GC (Allocation Failure) 2025-07-11T17:54:17.853+0800: 26932.609: [DefNew: 426859K->9097K(471872K), 0.0619579 secs] 756327K->338564K(996160K), 0.0753959 secs] [Times: user=0.03 sys=0.04, real=0.08 secs] 
2025-07-11T19:34:42.500+0800: 32957.256: [GC (Allocation Failure) 2025-07-11T19:34:42.502+0800: 32957.258: [DefNew: 428553K->5838K(471872K), 0.0406166 secs] 758020K->335306K(996160K), 0.0428201 secs] [Times: user=0.02 sys=0.02, real=0.05 secs] 
2025-07-11T21:15:04.562+0800: 38979.318: [GC (Allocation Failure) 2025-07-11T21:15:04.564+0800: 38979.319: [DefNew: 425294K->5864K(471872K), 0.0466357 secs] 754762K->335332K(996160K), 0.0489241 secs] [Times: user=0.05 sys=0.00, real=0.05 secs] 
2025-07-11T22:55:30.482+0800: 45005.238: [GC (Allocation Failure) 2025-07-11T22:55:30.484+0800: 45005.240: [DefNew: 425320K->5914K(471872K), 0.0466820 secs] 754788K->335382K(996160K), 0.0489232 secs] [Times: user=0.03 sys=0.02, real=0.05 secs] 
2025-07-12T00:35:37.170+0800: 51011.926: [GC (Allocation Failure) 2025-07-12T00:35:37.172+0800: 51011.928: [DefNew: 425370K->5968K(471872K), 0.0467105 secs] 754838K->335436K(996160K), 0.0489985 secs] [Times: user=0.02 sys=0.04, real=0.05 secs] 
2025-07-12T02:16:13.326+0800: 57048.082: [GC (Allocation Failure) 2025-07-12T02:16:13.328+0800: 57048.084: [DefNew: 425424K->6010K(471872K), 0.0419543 secs] 754892K->335477K(996160K), 0.0441095 secs] [Times: user=0.03 sys=0.01, real=0.04 secs] 
2025-07-12T03:56:26.192+0800: 63060.948: [GC (Allocation Failure) 2025-07-12T03:56:26.194+0800: 63060.949: [DefNew: 425466K->6034K(471872K), 0.0466817 secs] 754933K->335501K(996160K), 0.0489481 secs] [Times: user=0.04 sys=0.01, real=0.05 secs] 
2025-07-12T05:37:24.261+0800: 69119.017: [GC (Allocation Failure) 2025-07-12T05:37:24.263+0800: 69119.019: [DefNew: 425490K->6060K(471872K), 0.0449929 secs] 754957K->335528K(996160K), 0.0472024 secs] [Times: user=0.03 sys=0.02, real=0.05 secs] 
2025-07-12T07:18:21.612+0800: 75176.368: [GC (Allocation Failure) 2025-07-12T07:18:21.614+0800: 75176.370: [DefNew: 425516K->6026K(471872K), 0.0477191 secs] 754984K->335493K(996160K), 0.0501322 secs] [Times: user=0.04 sys=0.02, real=0.05 secs] 
2025-07-12T08:59:18.764+0800: 81233.520: [GC (Allocation Failure) 2025-07-12T08:59:18.766+0800: 81233.522: [DefNew: 425482K->6033K(471872K), 0.0459818 secs] 754949K->335500K(996160K), 0.0483602 secs] [Times: user=0.03 sys=0.02, real=0.04 secs] 
2025-07-12T10:39:50.589+0800: 87265.345: [GC (Allocation Failure) 2025-07-12T10:39:50.591+0800: 87265.347: [DefNew: 425489K->6050K(471872K), 0.0435731 secs] 754956K->335518K(996160K), 0.0458993 secs] [Times: user=0.01 sys=0.04, real=0.05 secs] 
2025-07-12T12:20:42.907+0800: 93317.663: [GC (Allocation Failure) 2025-07-12T12:20:42.909+0800: 93317.665: [DefNew: 425506K->6061K(471872K), 0.0467049 secs] 754974K->335529K(996160K), 0.0489673 secs] [Times: user=0.05 sys=0.01, real=0.05 secs] 
2025-07-12T14:01:36.565+0800: 99371.321: [GC (Allocation Failure) 2025-07-12T14:01:36.567+0800: 99371.323: [DefNew: 425517K->6076K(471872K), 0.0439903 secs] 754985K->335544K(996160K), 0.0463289 secs] [Times: user=0.02 sys=0.03, real=0.04 secs] 
2025-07-12T15:42:29.148+0800: 105423.904: [GC (Allocation Failure) 2025-07-12T15:42:29.150+0800: 105423.906: [DefNew: 425532K->4714K(471872K), 0.0506959 secs] 755000K->335568K(996160K), 0.0530388 secs] [Times: user=0.06 sys=0.00, real=0.05 secs] 
2025-07-12T17:23:25.770+0800: 111480.525: [GC (Allocation Failure) 2025-07-12T17:23:25.771+0800: 111480.527: [DefNew: 424170K->2210K(471872K), 0.0418851 secs] 755024K->335568K(996160K), 0.0441799 secs] [Times: user=0.03 sys=0.01, real=0.04 secs] 
2025-07-12T19:04:22.287+0800: 117537.043: [GC (Allocation Failure) 2025-07-12T19:04:22.289+0800: 117537.044: [DefNew: 421666K->1138K(471872K), 0.0448090 secs] 755024K->335591K(996160K), 0.0471530 secs] [Times: user=0.05 sys=0.00, real=0.04 secs] 
2025-07-12T20:45:18.657+0800: 123593.412: [GC (Allocation Failure) 2025-07-12T20:45:18.658+0800: 123593.414: [DefNew: 420594K->1121K(471872K), 0.0391015 secs] 755047K->335598K(996160K), 0.0414331 secs] [Times: user=0.04 sys=0.00, real=0.04 secs] 
2025-07-12T22:26:15.126+0800: 129649.882: [GC (Allocation Failure) 2025-07-12T22:26:15.128+0800: 129649.884: [DefNew: 420577K->1115K(471872K), 0.0392882 secs] 755054K->335617K(996160K), 0.0416214 secs] [Times: user=0.03 sys=0.01, real=0.04 secs] 
2025-07-13T00:07:11.632+0800: 135706.388: [GC (Allocation Failure) 2025-07-13T00:07:11.634+0800: 135706.390: [DefNew: 420571K->1052K(471872K), 0.0378310 secs] 755073K->335579K(996160K), 0.0402269 secs] [Times: user=0.04 sys=0.01, real=0.04 secs] 
2025-07-13T01:48:08.362+0800: 141763.118: [GC (Allocation Failure) 2025-07-13T01:48:08.364+0800: 141763.120: [DefNew: 420508K->1027K(471872K), 0.0319709 secs] 755035K->335576K(996160K), 0.0342846 secs] [Times: user=0.02 sys=0.02, real=0.04 secs] 
2025-07-13T03:29:05.088+0800: 147819.844: [GC (Allocation Failure) 2025-07-13T03:29:05.090+0800: 147819.846: [DefNew: 420483K->1021K(471872K), 0.0353504 secs] 755032K->335597K(996160K), 0.0376301 secs] [Times: user=0.03 sys=0.02, real=0.04 secs] 
2025-07-13T05:10:18.168+0800: 153892.923: [GC (Allocation Failure) 2025-07-13T05:10:18.169+0800: 153892.925: [DefNew: 420477K->991K(471872K), 0.0332653 secs] 755053K->335598K(996160K), 0.0355786 secs] [Times: user=0.03 sys=0.01, real=0.04 secs] 
2025-07-13T06:51:29.644+0800: 159964.400: [GC (Allocation Failure) 2025-07-13T06:51:29.646+0800: 159964.401: [DefNew: 420447K->982K(471872K), 0.0349903 secs] 755054K->335608K(996160K), 0.0372195 secs] [Times: user=0.04 sys=0.01, real=0.04 secs] 
2025-07-13T08:32:36.622+0800: 166031.377: [GC (Allocation Failure) 2025-07-13T08:32:36.623+0800: 166031.379: [DefNew: 420438K->990K(471872K), 0.0360345 secs] 755064K->335624K(996160K), 0.0383706 secs] [Times: user=0.03 sys=0.01, real=0.04 secs] 
2025-07-13T10:13:56.232+0800: 172110.988: [GC (Allocation Failure) 2025-07-13T10:13:56.233+0800: 172110.989: [DefNew: 420446K->981K(471872K), 0.0377840 secs] 755080K->335624K(996160K), 0.0400212 secs] [Times: user=0.04 sys=0.01, real=0.04 secs] 
2025-07-13T11:55:05.068+0800: 178179.824: [GC (Allocation Failure) 2025-07-13T11:55:05.070+0800: 178179.826: [DefNew: 420437K->989K(471872K), 0.0389562 secs] 755080K->335640K(996160K), 0.0412583 secs] [Times: user=0.02 sys=0.02, real=0.04 secs] 
2025-07-13T13:36:03.346+0800: 184238.101: [GC (Allocation Failure) 2025-07-13T13:36:03.347+0800: 184238.103: [DefNew: 420445K->1028K(471872K), 0.0344971 secs] 755096K->335687K(996160K), 0.0367910 secs] [Times: user=0.01 sys=0.02, real=0.03 secs] 
2025-07-13T15:17:03.512+0800: 190298.267: [GC (Allocation Failure) 2025-07-13T15:17:03.513+0800: 190298.269: [DefNew: 420484K->930K(471872K), 0.0326371 secs] 755143K->335596K(996160K), 0.0349164 secs] [Times: user=0.02 sys=0.01, real=0.04 secs] 
2025-07-13T16:58:03.543+0800: 196358.299: [GC (Allocation Failure) 2025-07-13T16:58:03.544+0800: 196358.300: [DefNew: 420386K->944K(471872K), 0.0264779 secs] 755052K->335617K(996160K), 0.0287240 secs] [Times: user=0.03 sys=0.00, real=0.03 secs] 
2025-07-13T18:39:25.442+0800: 202440.198: [GC (Allocation Failure) 2025-07-13T18:39:25.444+0800: 202440.200: [DefNew: 420400K->930K(471872K), 0.0325766 secs] 755073K->335611K(996160K), 0.0347809 secs] [Times: user=0.03 sys=0.01, real=0.04 secs] 
2025-07-13T20:20:44.415+0800: 208519.171: [GC (Allocation Failure) 2025-07-13T20:20:44.417+0800: 208519.173: [DefNew: 420386K->935K(471872K), 0.0387265 secs] 755067K->335625K(996160K), 0.0410004 secs] [Times: user=0.05 sys=0.00, real=0.05 secs] 
2025-07-13T22:02:04.500+0800: 214599.255: [GC (Allocation Failure) 2025-07-13T22:02:04.502+0800: 214599.258: [DefNew: 420391K->930K(471872K), 0.0380056 secs] 755081K->335627K(996160K), 0.0422245 secs] [Times: user=0.04 sys=0.01, real=0.04 secs] 
2025-07-13T23:43:22.578+0800: 220677.334: [GC (Allocation Failure) 2025-07-13T23:43:22.580+0800: 220677.336: [DefNew: 420386K->935K(471872K), 0.0349740 secs] 755083K->335640K(996160K), 0.0373032 secs] [Times: user=0.03 sys=0.02, real=0.04 secs] 
2025-07-14T01:26:03.964+0800: 226838.720: [GC (Allocation Failure) 2025-07-14T01:26:03.966+0800: 226838.722: [DefNew: 420391K->954K(471872K), 0.0365959 secs] 755096K->335665K(996160K), 0.0389786 secs] [Times: user=0.04 sys=0.01, real=0.05 secs] 
2025-07-14T03:09:41.669+0800: 233056.425: [GC (Allocation Failure) 2025-07-14T03:09:41.671+0800: 233056.427: [DefNew: 420410K->913K(471872K), 0.0301290 secs] 755121K->335625K(996160K), 0.0325129 secs] [Times: user=0.03 sys=0.01, real=0.03 secs] 
2025-07-14T04:52:39.685+0800: 239234.441: [GC (Allocation Failure) 2025-07-14T04:52:39.687+0800: 239234.442: [DefNew: 420369K->909K(471872K), 0.0259585 secs] 755081K->335625K(996160K), 0.0283901 secs] [Times: user=0.02 sys=0.00, real=0.02 secs] 
2025-07-14T06:35:36.236+0800: 245410.991: [GC (Allocation Failure) 2025-07-14T06:35:36.238+0800: 245410.993: [DefNew: 420365K->924K(471872K), 0.0206038 secs] 755081K->335645K(996160K), 0.0230079 secs] [Times: user=0.03 sys=0.00, real=0.03 secs] 
2025-07-14T08:18:43.185+0800: 251597.941: [GC (Allocation Failure) 2025-07-14T08:18:43.187+0800: 251597.943: [DefNew: 420380K->932K(471872K), 0.0339585 secs] 755101K->335657K(996160K), 0.0363844 secs] [Times: user=0.02 sys=0.02, real=0.03 secs] 
2025-07-14T10:01:50.225+0800: 257784.981: [GC (Allocation Failure) 2025-07-14T10:01:50.226+0800: 257784.982: [DefNew: 420388K->886K(471872K), 0.0296812 secs] 755113K->335613K(996160K), 0.0319407 secs] [Times: user=0.03 sys=0.00, real=0.03 secs] 
2025-07-14T11:44:58.222+0800: 263972.978: [GC (Allocation Failure) 2025-07-14T11:44:58.224+0800: 263972.980: [DefNew: 420342K->901K(471872K), 0.0366432 secs] 755069K->335628K(996160K), 0.0390459 secs] [Times: user=0.04 sys=0.00, real=0.04 secs] 
2025-07-14T13:28:06.470+0800: 270161.225: [GC (Allocation Failure) 2025-07-14T13:28:06.471+0800: 270161.227: [DefNew: 420357K->915K(471872K), 0.0354699 secs] 755084K->335644K(996160K), 0.0378709 secs] [Times: user=0.02 sys=0.02, real=0.04 secs] 
2025-07-14T15:11:17.370+0800: 276352.126: [GC (Allocation Failure) 2025-07-14T15:11:17.372+0800: 276352.128: [DefNew: 420371K->928K(471872K), 0.0393494 secs] 755100K->335657K(996160K), 0.0418459 secs] [Times: user=0.04 sys=0.01, real=0.04 secs] 
2025-07-14T16:54:25.723+0800: 282540.478: [GC (Allocation Failure) 2025-07-14T16:54:25.726+0800: 282540.482: [DefNew: 420384K->884K(471872K), 0.0569922 secs] 755113K->335614K(996160K), 0.0613296 secs] [Times: user=0.06 sys=0.01, real=0.07 secs] 
2025-07-14T18:37:36.287+0800: 288731.043: [GC (Allocation Failure) 2025-07-14T18:37:36.290+0800: 288731.046: [DefNew: 420340K->902K(471872K), 0.0546434 secs] 755070K->335633K(996160K), 0.0588893 secs] [Times: user=0.04 sys=0.02, real=0.06 secs] 
2025-07-14T20:20:46.832+0800: 294921.587: [GC (Allocation Failure) 2025-07-14T20:20:46.833+0800: 294921.589: [DefNew: 420358K->911K(471872K), 0.0353364 secs] 755089K->335642K(996160K), 0.0376021 secs] [Times: user=0.03 sys=0.00, real=0.04 secs] 
2025-07-14T22:04:10.323+0800: 301125.079: [GC (Allocation Failure) 2025-07-14T22:04:10.325+0800: 301125.081: [DefNew: 420367K->937K(471872K), 0.0349434 secs] 755098K->335668K(996160K), 0.0374053 secs] [Times: user=0.02 sys=0.02, real=0.04 secs] 
2025-07-14T23:47:20.515+0800: 307315.271: [GC (Allocation Failure) 2025-07-14T23:47:20.517+0800: 307315.273: [DefNew: 420393K->882K(471872K), 0.0244506 secs] 755124K->335615K(996160K), 0.0265192 secs] [Times: user=0.03 sys=0.00, real=0.03 secs] 
2025-07-15T01:29:51.395+0800: 313466.150: [GC (Allocation Failure) 2025-07-15T01:29:51.396+0800: 313466.152: [DefNew: 420338K->901K(471872K), 0.0347167 secs] 755071K->335635K(996160K), 0.0370478 secs] [Times: user=0.02 sys=0.02, real=0.04 secs] 
2025-07-15T03:13:06.500+0800: 319661.256: [GC (Allocation Failure) 2025-07-15T03:13:06.502+0800: 319661.258: [DefNew: 420357K->902K(471872K), 0.0327281 secs] 755091K->335640K(996160K), 0.0350340 secs] [Times: user=0.02 sys=0.02, real=0.04 secs] 
2025-07-15T04:56:13.281+0800: 325848.037: [GC (Allocation Failure) 2025-07-15T04:56:13.283+0800: 325848.039: [DefNew: 420358K->925K(471872K), 0.0332596 secs] 755096K->335666K(996160K), 0.0355585 secs] [Times: user=0.02 sys=0.02, real=0.04 secs] 
2025-07-15T06:39:39.990+0800: 332054.745: [GC (Allocation Failure) 2025-07-15T06:39:39.993+0800: 332054.749: [DefNew: 420381K->876K(471872K), 0.0457457 secs] 755122K->335617K(996160K), 0.0499387 secs] [Times: user=0.05 sys=0.00, real=0.05 secs] 
2025-07-15T08:22:53.243+0800: 338247.998: [GC (Allocation Failure) 2025-07-15T08:22:53.246+0800: 338248.001: [DefNew: 420332K->898K(471872K), 0.0480502 secs] 755073K->335639K(996160K), 0.0521867 secs] [Times: user=0.04 sys=0.02, real=0.06 secs] 
2025-07-15T10:05:53.754+0800: 344428.510: [GC (Allocation Failure) 2025-07-15T10:05:53.756+0800: 344428.512: [DefNew: 420354K->903K(471872K), 0.0340994 secs] 755095K->335645K(996160K), 0.0365512 secs] [Times: user=0.02 sys=0.01, real=0.04 secs] 
2025-07-15T11:49:20.513+0800: 350635.269: [GC (Allocation Failure) 2025-07-15T11:49:20.515+0800: 350635.270: [DefNew: 420359K->925K(471872K), 0.0332428 secs] 755101K->335669K(996160K), 0.0353979 secs] [Times: user=0.03 sys=0.01, real=0.04 secs] 
2025-07-15T13:32:44.796+0800: 356839.552: [GC (Allocation Failure) 2025-07-15T13:32:44.799+0800: 356839.555: [DefNew: 420381K->930K(471872K), 0.0421482 secs] 755125K->335675K(996160K), 0.0460273 secs] [Times: user=0.04 sys=0.02, real=0.05 secs] 
2025-07-15T15:16:11.574+0800: 363046.329: [GC (Allocation Failure) 2025-07-15T15:16:11.576+0800: 363046.331: [DefNew: 420386K->901K(471872K), 0.0383295 secs] 755131K->335646K(996160K), 0.0409486 secs] [Times: user=0.02 sys=0.03, real=0.04 secs] 
2025-07-15T16:59:16.887+0800: 369231.643: [GC (Allocation Failure) 2025-07-15T16:59:16.889+0800: 369231.645: [DefNew: 420357K->902K(471872K), 0.0348380 secs] 755102K->335648K(996160K), 0.0371737 secs] [Times: user=0.03 sys=0.00, real=0.04 secs] 
2025-07-15T18:42:43.650+0800: 375438.406: [GC (Allocation Failure) 2025-07-15T18:42:43.652+0800: 375438.407: [DefNew: 420358K->922K(471872K), 0.0333784 secs] 755104K->335669K(996160K), 0.0356683 secs] [Times: user=0.02 sys=0.02, real=0.04 secs] 
2025-07-15T20:25:43.302+0800: 381618.058: [GC (Allocation Failure) 2025-07-15T20:25:43.304+0800: 381618.059: [DefNew: 420378K->935K(471872K), 0.0342708 secs] 755125K->335682K(996160K), 0.0365347 secs] [Times: user=0.01 sys=0.02, real=0.04 secs] 
2025-07-15T22:09:09.767+0800: 387824.523: [GC (Allocation Failure) 2025-07-15T22:09:09.769+0800: 387824.525: [DefNew: 420391K->899K(471872K), 0.0346860 secs] 755138K->335647K(996160K), 0.0368155 secs] [Times: user=0.03 sys=0.01, real=0.04 secs] 
2025-07-15T23:52:04.635+0800: 393999.391: [GC (Allocation Failure) 2025-07-15T23:52:04.637+0800: 393999.392: [DefNew: 420355K->903K(471872K), 0.0315849 secs] 755103K->335653K(996160K), 0.0338584 secs] [Times: user=0.03 sys=0.00, real=0.04 secs] 
2025-07-16T01:33:45.539+0800: 400100.295: [GC (Allocation Failure) 2025-07-16T01:33:45.541+0800: 400100.297: [DefNew: 420359K->909K(471872K), 0.0345957 secs] 755109K->335659K(996160K), 0.0369099 secs] [Times: user=0.04 sys=0.01, real=0.04 secs] 
2025-07-16T03:16:36.664+0800: 406271.420: [GC (Allocation Failure) 2025-07-16T03:16:36.666+0800: 406271.421: [DefNew: 420365K->930K(471872K), 0.0327935 secs] 755115K->335682K(996160K), 0.0349239 secs] [Times: user=0.02 sys=0.02, real=0.04 secs] 
2025-07-16T04:59:32.533+0800: 412447.289: [GC (Allocation Failure) 2025-07-16T04:59:32.535+0800: 412447.290: [DefNew: 420386K->877K(471872K), 0.0248537 secs] 755138K->335630K(996160K), 0.0270263 secs] [Times: user=0.03 sys=0.00, real=0.03 secs] 
2025-07-16T06:42:28.529+0800: 418623.285: [GC (Allocation Failure) 2025-07-16T06:42:28.530+0800: 418623.286: [DefNew: 420333K->896K(471872K), 0.0322528 secs] 755086K->335650K(996160K), 0.0344493 secs] [Times: user=0.03 sys=0.01, real=0.04 secs] 
2025-07-16T08:25:23.761+0800: 424798.516: [GC (Allocation Failure) 2025-07-16T08:25:23.762+0800: 424798.518: [DefNew: 420352K->900K(471872K), 0.0263466 secs] 755106K->335656K(996160K), 0.0286738 secs] [Times: user=0.03 sys=0.00, real=0.03 secs] 
2025-07-16T10:08:20.068+0800: 430974.823: [GC (Allocation Failure) 2025-07-16T10:08:20.069+0800: 430974.825: [DefNew: 420356K->921K(471872K), 0.0309837 secs] 755112K->335678K(996160K), 0.0332415 secs] [Times: user=0.03 sys=0.01, real=0.03 secs] 
2025-07-16T11:51:16.132+0800: 437150.887: [GC (Allocation Failure) 2025-07-16T11:51:16.133+0800: 437150.889: [DefNew: 420377K->924K(471872K), 0.0284924 secs] 755134K->335681K(996160K), 0.0308070 secs] [Times: user=0.03 sys=0.00, real=0.03 secs] 
2025-07-16T13:34:13.618+0800: 443328.373: [GC (Allocation Failure) 2025-07-16T13:34:13.619+0800: 443328.375: [DefNew: 420380K->890K(471872K), 0.0279644 secs] 755137K->335648K(996160K), 0.0301873 secs] [Times: user=0.01 sys=0.02, real=0.03 secs] 
2025-07-16T15:17:09.814+0800: 449504.570: [GC (Allocation Failure) 2025-07-16T15:17:09.816+0800: 449504.572: [DefNew: 420346K->896K(471872K), 0.0250849 secs] 755104K->335655K(996160K), 0.0274633 secs] [Times: user=0.03 sys=0.00, real=0.03 secs] 
2025-07-16T17:00:22.024+0800: 455696.780: [GC (Allocation Failure) 2025-07-16T17:00:22.026+0800: 455696.782: [DefNew: 420352K->922K(471872K), 0.0337797 secs] 755111K->335682K(996160K), 0.0361302 secs] [Times: user=0.04 sys=0.00, real=0.03 secs] 
2025-07-16T18:43:18.963+0800: 461873.719: [GC (Allocation Failure) 2025-07-16T18:43:18.965+0800: 461873.720: [DefNew: 420378K->920K(471872K), 0.0333861 secs] 755138K->335680K(996160K), 0.0358648 secs] [Times: user=0.04 sys=0.00, real=0.04 secs] 
2025-07-16T20:26:21.071+0800: 468055.826: [GC (Allocation Failure) 2025-07-16T20:26:21.072+0800: 468055.828: [DefNew: 420376K->888K(471872K), 0.0311782 secs] 755136K->335649K(996160K), 0.0334157 secs] [Times: user=0.01 sys=0.02, real=0.04 secs] 
2025-07-16T22:09:21.763+0800: 474236.518: [GC (Allocation Failure) 2025-07-16T22:09:21.764+0800: 474236.520: [DefNew: 420344K->896K(471872K), 0.0344340 secs] 755105K->335658K(996160K), 0.0368143 secs] [Times: user=0.02 sys=0.02, real=0.04 secs] 
2025-07-16T23:52:22.731+0800: 480417.487: [GC (Allocation Failure) 2025-07-16T23:52:22.733+0800: 480417.488: [DefNew: 420352K->910K(471872K), 0.0319759 secs] 755114K->335672K(996160K), 0.0342100 secs] [Times: user=0.01 sys=0.02, real=0.04 secs] 
2025-07-17T01:34:59.214+0800: 486573.970: [GC (Allocation Failure) 2025-07-17T01:34:59.216+0800: 486573.972: [DefNew: 420366K->915K(471872K), 0.0334357 secs] 755128K->335678K(996160K), 0.0357278 secs] [Times: user=0.02 sys=0.02, real=0.04 secs] 
2025-07-17T03:17:41.917+0800: 492736.673: [GC (Allocation Failure) 2025-07-17T03:17:41.920+0800: 492736.676: [DefNew: 420371K->879K(471872K), 0.0450942 secs] 755134K->335645K(996160K), 0.0492513 secs] [Times: user=0.02 sys=0.04, real=0.05 secs] 
2025-07-17T05:00:50.184+0800: 498924.940: [GC (Allocation Failure) 2025-07-17T05:00:50.186+0800: 498924.942: [DefNew: 420335K->891K(471872K), 0.0361116 secs] 755101K->335657K(996160K), 0.0386273 secs] [Times: user=0.04 sys=0.01, real=0.04 secs] 
2025-07-17T06:44:01.210+0800: 505115.966: [GC (Allocation Failure) 2025-07-17T06:44:01.213+0800: 505115.969: [DefNew: 420347K->908K(471872K), 0.0478309 secs] 755113K->335675K(996160K), 0.0520752 secs] [Times: user=0.04 sys=0.02, real=0.06 secs] 
2025-07-17T08:27:21.551+0800: 511316.307: [GC (Allocation Failure) 2025-07-17T08:27:21.554+0800: 511316.310: [DefNew: 420364K->918K(471872K), 0.0375091 secs] 755131K->335685K(996160K), 0.0415638 secs] [Times: user=0.05 sys=0.00, real=0.04 secs] 
2025-07-17T10:10:34.577+0800: 517509.333: [GC (Allocation Failure) 2025-07-17T10:10:34.579+0800: 517509.334: [DefNew: 420374K->929K(471872K), 0.0346358 secs] 755141K->335697K(996160K), 0.0368473 secs] [Times: user=0.02 sys=0.01, real=0.03 secs] 
2025-07-17T11:53:47.549+0800: 523702.305: [GC (Allocation Failure) 2025-07-17T11:53:47.551+0800: 523702.306: [DefNew: 420385K->891K(471872K), 0.0327475 secs] 755153K->335659K(996160K), 0.0349686 secs] [Times: user=0.02 sys=0.02, real=0.04 secs] 
2025-07-17T13:36:54.346+0800: 529889.102: [GC (Allocation Failure) 2025-07-17T13:36:54.348+0800: 529889.104: [DefNew: 420347K->898K(471872K), 0.0333606 secs] 755115K->335667K(996160K), 0.0356028 secs] [Times: user=0.02 sys=0.02, real=0.03 secs] 
2025-07-17T15:20:08.467+0800: 536083.223: [GC (Allocation Failure) 2025-07-17T15:20:08.469+0800: 536083.225: [DefNew: 420354K->919K(471872K), 0.0350585 secs] 755123K->335688K(996160K), 0.0372268 secs] [Times: user=0.03 sys=0.00, real=0.04 secs] 
2025-07-17T17:03:11.442+0800: 542266.198: [GC (Allocation Failure) 2025-07-17T17:03:11.443+0800: 542266.199: [DefNew: 420375K->923K(471872K), 0.0338235 secs] 755144K->335693K(996160K), 0.0357182 secs] [Times: user=0.03 sys=0.01, real=0.04 secs] 
2025-07-17T18:46:28.220+0800: 548462.976: [GC (Allocation Failure) 2025-07-17T18:46:28.222+0800: 548462.978: [DefNew: 420379K->900K(471872K), 0.0323215 secs] 755149K->335671K(996160K), 0.0345910 secs] [Times: user=0.02 sys=0.02, real=0.03 secs] 
2025-07-17T20:29:48.386+0800: 554663.142: [GC (Allocation Failure) 2025-07-17T20:29:48.388+0800: 554663.143: [DefNew: 420356K->896K(471872K), 0.0334640 secs] 755127K->335668K(996160K), 0.0356020 secs] [Times: user=0.03 sys=0.01, real=0.03 secs] 
2025-07-17T22:13:05.139+0800: 560859.895: [GC (Allocation Failure) 2025-07-17T22:13:05.141+0800: 560859.896: [DefNew: 420352K->915K(471872K), 0.0308632 secs] 755124K->335687K(996160K), 0.0330137 secs] [Times: user=0.03 sys=0.01, real=0.03 secs] 
2025-07-17T23:56:31.780+0800: 567066.536: [GC (Allocation Failure) 2025-07-17T23:56:31.781+0800: 567066.537: [DefNew: 420371K->927K(471872K), 0.0361986 secs] 755143K->335700K(996160K), 0.0384206 secs] [Times: user=0.02 sys=0.03, real=0.04 secs] 
2025-07-18T01:39:25.305+0800: 573240.061: [GC (Allocation Failure) 2025-07-18T01:39:25.307+0800: 573240.063: [DefNew: 420383K->892K(471872K), 0.0320297 secs] 755156K->335665K(996160K), 0.0342233 secs] [Times: user=0.03 sys=0.01, real=0.03 secs] 
2025-07-18T03:22:51.691+0800: 579446.447: [GC (Allocation Failure) 2025-07-18T03:22:51.693+0800: 579446.449: [DefNew: 420348K->895K(471872K), 0.0327137 secs] 755121K->335670K(996160K), 0.0349447 secs] [Times: user=0.03 sys=0.02, real=0.04 secs] 
2025-07-18T05:06:18.671+0800: 585653.427: [GC (Allocation Failure) 2025-07-18T05:06:18.673+0800: 585653.428: [DefNew: 420351K->914K(471872K), 0.0231248 secs] 755126K->335690K(996160K), 0.0253213 secs] [Times: user=0.02 sys=0.00, real=0.03 secs] 
2025-07-18T06:49:23.298+0800: 591838.054: [GC (Allocation Failure) 2025-07-18T06:49:23.300+0800: 591838.055: [DefNew: 420370K->921K(471872K), 0.0327433 secs] 755146K->335697K(996160K), 0.0350330 secs] [Times: user=0.04 sys=0.00, real=0.03 secs] 
2025-07-18T08:32:36.127+0800: 598030.883: [GC (Allocation Failure) 2025-07-18T08:32:36.129+0800: 598030.884: [DefNew: 420377K->888K(471872K), 0.0251388 secs] 755153K->335666K(996160K), 0.0274133 secs] [Times: user=0.03 sys=0.00, real=0.02 secs] 
2025-07-18T10:16:02.016+0800: 604236.772: [GC (Allocation Failure) 2025-07-18T10:16:02.018+0800: 604236.773: [DefNew: 420344K->900K(471872K), 0.0344950 secs] 755122K->335678K(996160K), 0.0366982 secs] [Times: user=0.03 sys=0.01, real=0.04 secs] 
2025-07-18T11:59:16.378+0800: 610431.134: [GC (Allocation Failure) 2025-07-18T11:59:16.380+0800: 610431.136: [DefNew: 420356K->918K(471872K), 0.0382148 secs] 755134K->335697K(996160K), 0.0406674 secs] [Times: user=0.02 sys=0.02, real=0.04 secs] 
2025-07-18T13:42:42.770+0800: 616637.526: [GC (Allocation Failure) 2025-07-18T13:42:42.772+0800: 616637.527: [DefNew: 420374K->924K(471872K), 0.0385942 secs] 755153K->335703K(996160K), 0.0410304 secs] [Times: user=0.04 sys=0.00, real=0.04 secs] 
2025-07-18T15:26:09.218+0800: 622843.974: [GC (Allocation Failure) 2025-07-18T15:26:09.220+0800: 622843.976: [DefNew: 420380K->896K(471872K), 0.0346091 secs] 755159K->335676K(996160K), 0.0368484 secs] [Times: user=0.04 sys=0.00, real=0.04 secs] 
2025-07-18T17:09:20.087+0800: 629034.843: [GC (Allocation Failure) 2025-07-18T17:09:20.089+0800: 629034.845: [DefNew: 420352K->894K(471872K), 0.0361546 secs] 755132K->335674K(996160K), 0.0385851 secs] [Times: user=0.04 sys=0.00, real=0.04 secs] 
2025-07-18T18:52:46.370+0800: 635241.126: [GC (Allocation Failure) 2025-07-18T18:52:46.372+0800: 635241.127: [DefNew: 420350K->917K(471872K), 0.0369501 secs] 755130K->335698K(996160K), 0.0391719 secs] [Times: user=0.02 sys=0.02, real=0.04 secs] 
2025-07-18T20:35:50.847+0800: 641425.602: [GC (Allocation Failure) 2025-07-18T20:35:50.848+0800: 641425.604: [DefNew: 420373K->924K(471872K), 0.0344125 secs] 755154K->335705K(996160K), 0.0366586 secs] [Times: user=0.04 sys=0.00, real=0.04 secs] 
2025-07-18T22:19:02.646+0800: 647617.402: [GC (Allocation Failure) 2025-07-18T22:19:02.648+0800: 647617.403: [DefNew: 420380K->891K(471872K), 0.0327768 secs] 755161K->335673K(996160K), 0.0349642 secs] [Times: user=0.03 sys=0.00, real=0.03 secs] 
2025-07-19T00:01:09.239+0800: 653743.994: [GC (Allocation Failure) 2025-07-19T00:01:09.240+0800: 653743.996: [DefNew: 420347K->889K(471872K), 0.0342983 secs] 755129K->335671K(996160K), 0.0365663 secs] [Times: user=0.03 sys=0.01, real=0.04 secs] 
2025-07-19T01:44:02.722+0800: 659917.478: [GC (Allocation Failure) 2025-07-19T01:44:02.724+0800: 659917.480: [DefNew: 420345K->911K(471872K), 0.0321016 secs] 755127K->335694K(996160K), 0.0344023 secs] [Times: user=0.01 sys=0.03, real=0.04 secs] 
2025-07-19T03:26:39.823+0800: 666074.579: [GC (Allocation Failure) 2025-07-19T03:26:39.825+0800: 666074.581: [DefNew: 420367K->911K(471872K), 0.0258684 secs] 755150K->335697K(996160K), 0.0281665 secs] [Times: user=0.03 sys=0.00, real=0.03 secs] 
2025-07-19T05:09:46.631+0800: 672261.387: [GC (Allocation Failure) 2025-07-19T05:09:46.633+0800: 672261.389: [DefNew: 420367K->880K(471872K), 0.0193293 secs] 755153K->335666K(996160K), 0.0215110 secs] [Times: user=0.02 sys=0.00, real=0.02 secs] 
2025-07-19T06:52:49.368+0800: 678444.124: [GC (Allocation Failure) 2025-07-19T06:52:49.370+0800: 678444.126: [DefNew: 420336K->885K(471872K), 0.0314805 secs] 755122K->335671K(996160K), 0.0337506 secs] [Times: user=0.04 sys=0.00, real=0.03 secs] 
2025-07-19T08:36:03.489+0800: 684638.244: [GC (Allocation Failure) 2025-07-19T08:36:03.490+0800: 684638.246: [DefNew: 420341K->911K(471872K), 0.0325802 secs] 755127K->335698K(996160K), 0.0347915 secs] [Times: user=0.02 sys=0.01, real=0.04 secs] 
2025-07-19T10:19:09.523+0800: 690824.279: [GC (Allocation Failure) 2025-07-19T10:19:09.525+0800: 690824.281: [DefNew: 420367K->912K(471872K), 0.0320309 secs] 755154K->335699K(996160K), 0.0343294 secs] [Times: user=0.04 sys=0.01, real=0.04 secs] 
2025-07-19T12:02:24.237+0800: 697018.992: [GC (Allocation Failure) 2025-07-19T12:02:24.238+0800: 697018.994: [DefNew: 420368K->934K(471872K), 0.0200487 secs] 755155K->335723K(996160K), 0.0223253 secs] [Times: user=0.03 sys=0.00, real=0.02 secs] 
2025-07-19T13:45:26.635+0800: 703201.391: [GC (Allocation Failure) 2025-07-19T13:45:26.636+0800: 703201.392: [DefNew: 420390K->879K(471872K), 0.0335651 secs] 755179K->335668K(996160K), 0.0358150 secs] [Times: user=0.04 sys=0.00, real=0.04 secs] 
2025-07-19T15:28:30.852+0800: 709385.608: [GC (Allocation Failure) 2025-07-19T15:28:30.854+0800: 709385.610: [DefNew: 420335K->901K(471872K), 0.0287926 secs] 755124K->335691K(996160K), 0.0312974 secs] [Times: user=0.03 sys=0.00, real=0.04 secs] 
2025-07-19T17:11:49.032+0800: 715583.788: [GC (Allocation Failure) 2025-07-19T17:11:49.034+0800: 715583.790: [DefNew: 420357K->918K(471872K), 0.0318514 secs] 755147K->335709K(996160K), 0.0342130 secs] [Times: user=0.04 sys=0.00, real=0.04 secs] 
2025-07-19T18:54:46.751+0800: 721761.506: [GC (Allocation Failure) 2025-07-19T18:54:46.752+0800: 721761.508: [DefNew: 420374K->921K(471872K), 0.0243080 secs] 755165K->335712K(996160K), 0.0265783 secs] [Times: user=0.02 sys=0.02, real=0.03 secs] 
2025-07-19T20:37:39.424+0800: 727934.180: [GC (Allocation Failure) 2025-07-19T20:37:39.426+0800: 727934.182: [DefNew: 420377K->890K(471872K), 0.0335844 secs] 755168K->335681K(996160K), 0.0362116 secs] [Times: user=0.04 sys=0.01, real=0.03 secs] 
2025-07-19T22:20:55.868+0800: 734130.624: [GC (Allocation Failure) 2025-07-19T22:20:55.870+0800: 734130.625: [DefNew: 420346K->896K(471872K), 0.0262983 secs] 755137K->335688K(996160K), 0.0285889 secs] [Times: user=0.03 sys=0.00, real=0.03 secs] 
2025-07-20T00:03:32.450+0800: 740287.206: [GC (Allocation Failure) 2025-07-20T00:03:32.452+0800: 740287.208: [DefNew: 420352K->915K(471872K), 0.0317051 secs] 755144K->335707K(996160K), 0.0339626 secs] [Times: user=0.03 sys=0.01, real=0.04 secs] 
2025-07-20T01:46:18.929+0800: 746453.685: [GC (Allocation Failure) 2025-07-20T01:46:18.931+0800: 746453.687: [DefNew: 420371K->922K(471872K), 0.0367080 secs] 755163K->335717K(996160K), 0.0390175 secs] [Times: user=0.02 sys=0.02, real=0.04 secs] 
2025-07-20T03:29:33.030+0800: 752647.785: [GC (Allocation Failure) 2025-07-20T03:29:33.031+0800: 752647.787: [DefNew: 420378K->882K(471872K), 0.0336072 secs] 755173K->335678K(996160K), 0.0358753 secs] [Times: user=0.04 sys=0.00, real=0.04 secs] 
2025-07-20T05:12:43.786+0800: 758838.542: [GC (Allocation Failure) 2025-07-20T05:12:43.788+0800: 758838.543: [DefNew: 420338K->889K(471872K), 0.0257968 secs] 755134K->335686K(996160K), 0.0280983 secs] [Times: user=0.03 sys=0.00, real=0.02 secs] 
2025-07-20T06:55:56.820+0800: 765031.576: [GC (Allocation Failure) 2025-07-20T06:55:56.822+0800: 765031.578: [DefNew: 420345K->912K(471872K), 0.0369979 secs] 755142K->335708K(996160K), 0.0393321 secs] [Times: user=0.02 sys=0.02, real=0.04 secs] 
2025-07-20T08:38:51.710+0800: 771206.466: [GC (Allocation Failure) 2025-07-20T08:38:51.712+0800: 771206.467: [DefNew: 420368K->918K(471872K), 0.0255574 secs] 755164K->335715K(996160K), 0.0278608 secs] [Times: user=0.03 sys=0.00, real=0.03 secs] 
2025-07-20T10:21:48.469+0800: 777383.225: [GC (Allocation Failure) 2025-07-20T10:21:48.471+0800: 777383.227: [DefNew: 420374K->883K(471872K), 0.0283896 secs] 755171K->335680K(996160K), 0.0306948 secs] [Times: user=0.02 sys=0.01, real=0.03 secs] 
2025-07-20T12:04:56.419+0800: 783571.175: [GC (Allocation Failure) 2025-07-20T12:04:56.421+0800: 783571.177: [DefNew: 420339K->890K(471872K), 0.0345869 secs] 755136K->335688K(996160K), 0.0369453 secs] [Times: user=0.02 sys=0.02, real=0.04 secs] 
2025-07-20T13:48:09.413+0800: 789764.169: [GC (Allocation Failure) 2025-07-20T13:48:09.415+0800: 789764.171: [DefNew: 420346K->906K(471872K), 0.0324624 secs] 755144K->335706K(996160K), 0.0348200 secs] [Times: user=0.03 sys=0.01, real=0.04 secs] 
2025-07-20T15:30:54.666+0800: 795929.422: [GC (Allocation Failure) 2025-07-20T15:30:54.668+0800: 795929.423: [DefNew: 420362K->911K(471872K), 0.0290867 secs] 755162K->335711K(996160K), 0.0314482 secs] [Times: user=0.02 sys=0.01, real=0.03 secs] 
2025-07-20T17:13:55.388+0800: 802110.143: [GC (Allocation Failure) 2025-07-20T17:13:55.389+0800: 802110.145: [DefNew: 420367K->934K(471872K), 0.0311488 secs] 755167K->335734K(996160K), 0.0334047 secs] [Times: user=0.04 sys=0.00, real=0.03 secs] 
2025-07-20T18:56:48.320+0800: 808283.076: [GC (Allocation Failure) 2025-07-20T18:56:48.322+0800: 808283.077: [DefNew: 420390K->881K(471872K), 0.0324007 secs] 755190K->335682K(996160K), 0.0346490 secs] [Times: user=0.03 sys=0.00, real=0.03 secs] 
2025-07-20T20:40:03.754+0800: 814478.510: [GC (Allocation Failure) 2025-07-20T20:40:03.756+0800: 814478.512: [DefNew: 420337K->904K(471872K), 0.0334910 secs] 755138K->335705K(996160K), 0.0358171 secs] [Times: user=0.03 sys=0.00, real=0.04 secs] 
2025-07-20T22:23:14.676+0800: 820669.432: [GC (Allocation Failure) 2025-07-20T22:23:14.678+0800: 820669.434: [DefNew: 420360K->918K(471872K), 0.0373735 secs] 755161K->335720K(996160K), 0.0395465 secs] [Times: user=0.03 sys=0.01, real=0.04 secs] 
2025-07-21T00:05:52.137+0800: 826826.893: [GC (Allocation Failure) 2025-07-21T00:05:52.139+0800: 826826.894: [DefNew: 420374K->924K(471872K), 0.0302307 secs] 755176K->335726K(996160K), 0.0325257 secs] [Times: user=0.01 sys=0.02, real=0.03 secs] 
2025-07-21T01:48:33.973+0800: 832988.728: [GC (Allocation Failure) 2025-07-21T01:48:33.974+0800: 832988.730: [DefNew: 420380K->880K(471872K), 0.0226686 secs] 755182K->335685K(996160K), 0.0249402 secs] [Times: user=0.02 sys=0.00, real=0.03 secs] 
2025-07-21T03:31:37.997+0800: 839172.752: [GC (Allocation Failure) 2025-07-21T03:31:37.998+0800: 839172.754: [DefNew: 420336K->893K(471872K), 0.0322505 secs] 755141K->335699K(996160K), 0.0345463 secs] [Times: user=0.03 sys=0.01, real=0.03 secs] 
2025-07-21T05:14:45.255+0800: 845360.011: [GC (Allocation Failure) 2025-07-21T05:14:45.257+0800: 845360.012: [DefNew: 420349K->908K(471872K), 0.0225538 secs] 755155K->335715K(996160K), 0.0248197 secs] [Times: user=0.03 sys=0.00, real=0.03 secs] 
2025-07-21T06:57:53.964+0800: 851548.720: [GC (Allocation Failure) 2025-07-21T06:57:53.966+0800: 851548.722: [DefNew: 420364K->922K(471872K), 0.0253297 secs] 755171K->335729K(996160K), 0.0275460 secs] [Times: user=0.03 sys=0.00, real=0.03 secs] 
2025-07-21T08:40:39.365+0800: 857714.121: [GC (Allocation Failure) 2025-07-21T08:40:39.367+0800: 857714.123: [DefNew: 420378K->875K(471872K), 0.0247724 secs] 755185K->335683K(996160K), 0.0270865 secs] [Times: user=0.03 sys=0.00, real=0.02 secs] 
2025-07-21T10:23:54.302+0800: 863909.058: [GC (Allocation Failure) 2025-07-21T10:23:54.305+0800: 863909.061: [DefNew: 420331K->893K(471872K), 0.0503891 secs] 755139K->335701K(996160K), 0.0545047 secs] [Times: user=0.05 sys=0.01, real=0.06 secs] 
2025-07-21T12:07:13.633+0800: 870108.389: [GC (Allocation Failure) 2025-07-21T12:07:13.635+0800: 870108.391: [DefNew: 420349K->903K(471872K), 0.0368997 secs] 755157K->335712K(996160K), 0.0391477 secs] [Times: user=0.05 sys=0.00, real=0.04 secs] 
2025-07-21T13:50:33.095+0800: 876307.851: [GC (Allocation Failure) 2025-07-21T13:50:33.097+0800: 876307.853: [DefNew: 420359K->912K(471872K), 0.0317546 secs] 755168K->335721K(996160K), 0.0340655 secs] [Times: user=0.04 sys=0.00, real=0.04 secs] 
2025-07-21T15:33:36.320+0800: 882491.076: [GC (Allocation Failure) 2025-07-21T15:33:36.322+0800: 882491.077: [DefNew: 420368K->879K(471872K), 0.0345583 secs] 755177K->335688K(996160K), 0.0367465 secs] [Times: user=0.04 sys=0.00, real=0.04 secs] 
2025-07-21T17:17:02.714+0800: 888697.469: [GC (Allocation Failure) 2025-07-21T17:17:02.715+0800: 888697.471: [DefNew: 420335K->885K(471872K), 0.0341697 secs] 755144K->335695K(996160K), 0.0364430 secs] [Times: user=0.02 sys=0.02, real=0.04 secs] 
2025-07-21T19:00:17.183+0800: 894891.939: [GC (Allocation Failure) 2025-07-21T19:00:17.185+0800: 894891.940: [DefNew: 420341K->906K(471872K), 0.0366274 secs] 755151K->335716K(996160K), 0.0388549 secs] [Times: user=0.04 sys=0.00, real=0.04 secs] 
2025-07-21T20:43:43.837+0800: 901098.593: [GC (Allocation Failure) 2025-07-21T20:43:43.839+0800: 901098.595: [DefNew: 420362K->909K(471872K), 0.0342444 secs] 755172K->335720K(996160K), 0.0363881 secs] [Times: user=0.03 sys=0.01, real=0.03 secs] 
2025-07-21T22:27:10.643+0800: 907305.398: [GC (Allocation Failure) 2025-07-21T22:27:10.644+0800: 907305.400: [DefNew: 420365K->881K(471872K), 0.0336089 secs] 755176K->335692K(996160K), 0.0357708 secs] [Times: user=0.04 sys=0.00, real=0.04 secs] 
2025-07-22T00:09:47.100+0800: 913461.856: [GC (Allocation Failure) 2025-07-22T00:09:47.102+0800: 913461.858: [DefNew: 420337K->883K(471872K), 0.0314390 secs] 755148K->335695K(996160K), 0.0340993 secs] [Times: user=0.03 sys=0.00, real=0.03 secs] 
2025-07-22T01:52:47.129+0800: 919641.884: [GC (Allocation Failure) 2025-07-22T01:52:47.130+0800: 919641.886: [DefNew: 420339K->906K(471872K), 0.0334082 secs] 755151K->335720K(996160K), 0.0356787 secs] [Times: user=0.02 sys=0.03, real=0.04 secs] 
2025-07-22T03:36:11.953+0800: 925846.709: [GC (Allocation Failure) 2025-07-22T03:36:11.955+0800: 925846.710: [DefNew: 420362K->916K(471872K), 0.0322509 secs] 755176K->335731K(996160K), 0.0344072 secs] [Times: user=0.02 sys=0.01, real=0.04 secs] 
2025-07-22T05:19:38.351+0800: 932053.107: [GC (Allocation Failure) 2025-07-22T05:19:38.353+0800: 932053.109: [DefNew: 420372K->934K(471872K), 0.0354344 secs] 755187K->335750K(996160K), 0.0376433 secs] [Times: user=0.04 sys=0.00, real=0.04 secs] 
2025-07-22T07:03:04.247+0800: 938259.002: [GC (Allocation Failure) 2025-07-22T07:03:04.248+0800: 938259.004: [DefNew: 420390K->884K(471872K), 0.0217865 secs] 755206K->335700K(996160K), 0.0239105 secs] [Times: user=0.00 sys=0.02, real=0.02 secs] 
2025-07-22T08:46:29.343+0800: 944464.098: [GC (Allocation Failure) 2025-07-22T08:46:29.344+0800: 944464.100: [DefNew: 420340K->901K(471872K), 0.0301759 secs] 755156K->335717K(996160K), 0.0323440 secs] [Times: user=0.02 sys=0.01, real=0.04 secs] 
2025-07-22T10:29:56.044+0800: 950670.800: [GC (Allocation Failure) 2025-07-22T10:29:56.046+0800: 950670.802: [DefNew: 420357K->912K(471872K), 0.0341309 secs] 755173K->335728K(996160K), 0.0365058 secs] [Times: user=0.04 sys=0.01, real=0.03 secs] 
2025-07-22T12:13:22.376+0800: 956877.131: [GC (Allocation Failure) 2025-07-22T12:13:22.377+0800: 956877.133: [DefNew: 420368K->882K(471872K), 0.0349008 secs] 755184K->335699K(996160K), 0.0371256 secs] [Times: user=0.04 sys=0.00, real=0.04 secs] 
2025-07-22T13:56:48.859+0800: 963083.615: [GC (Allocation Failure) 2025-07-22T13:56:48.861+0800: 963083.617: [DefNew: 420338K->883K(471872K), 0.0339486 secs] 755155K->335701K(996160K), 0.0361474 secs] [Times: user=0.04 sys=0.00, real=0.04 secs] 
2025-07-22T15:40:13.118+0800: 969287.873: [GC (Allocation Failure) 2025-07-22T15:40:13.119+0800: 969287.875: [DefNew: 420339K->914K(471872K), 0.0336039 secs] 755157K->335732K(996160K), 0.0359181 secs] [Times: user=0.03 sys=0.01, real=0.03 secs] 
2025-07-22T17:23:39.901+0800: 975494.657: [GC (Allocation Failure) 2025-07-22T17:23:39.903+0800: 975494.659: [DefNew: 420370K->912K(471872K), 0.0357255 secs] 755188K->335731K(996160K), 0.0380323 secs] [Times: user=0.02 sys=0.01, real=0.04 secs] 
2025-07-22T19:06:48.121+0800: 981682.877: [GC (Allocation Failure) 2025-07-22T19:06:48.122+0800: 981682.878: [DefNew: 420368K->871K(471872K), 0.0319789 secs] 755187K->335690K(996160K), 0.0341608 secs] [Times: user=0.02 sys=0.01, real=0.04 secs] 
2025-07-22T20:49:58.558+0800: 987873.314: [GC (Allocation Failure) 2025-07-22T20:49:58.560+0800: 987873.316: [DefNew: 420327K->880K(471872K), 0.0304834 secs] 755146K->335699K(996160K), 0.0327341 secs] [Times: user=0.03 sys=0.02, real=0.03 secs] 
2025-07-22T22:33:24.930+0800: 994079.685: [GC (Allocation Failure) 2025-07-22T22:33:24.931+0800: 994079.687: [DefNew: 420336K->910K(471872K), 0.0346097 secs] 755155K->335729K(996160K), 0.0368703 secs] [Times: user=0.04 sys=0.00, real=0.04 secs] 
2025-07-23T00:15:29.435+0800: 1000204.191: [GC (Allocation Failure) 2025-07-23T00:15:29.436+0800: 1000204.192: [DefNew: 420366K->907K(471872K), 0.0221262 secs] 755185K->335728K(996160K), 0.0242761 secs] [Times: user=0.03 sys=0.00, real=0.03 secs] 
2025-07-23T01:58:28.947+0800: 1006383.703: [GC (Allocation Failure) 2025-07-23T01:58:28.949+0800: 1006383.705: [DefNew: 420363K->931K(471872K), 0.0345242 secs] 755184K->335754K(996160K), 0.0368005 secs] [Times: user=0.03 sys=0.01, real=0.04 secs] 
2025-07-23T03:41:39.353+0800: 1012574.109: [GC (Allocation Failure) 2025-07-23T03:41:39.355+0800: 1012574.111: [DefNew: 420387K->883K(471872K), 0.0310700 secs] 755210K->335706K(996160K), 0.0332613 secs] [Times: user=0.03 sys=0.01, real=0.04 secs] 
2025-07-23T05:24:42.742+0800: 1018757.497: [GC (Allocation Failure) 2025-07-23T05:24:42.743+0800: 1018757.499: [DefNew: 420339K->902K(471872K), 0.0222721 secs] 755162K->335726K(996160K), 0.0243672 secs] [Times: user=0.02 sys=0.00, real=0.03 secs] 
2025-07-23T07:07:54.271+0800: 1024949.027: [GC (Allocation Failure) 2025-07-23T07:07:54.273+0800: 1024949.029: [DefNew: 420358K->909K(471872K), 0.0322607 secs] 755182K->335733K(996160K), 0.0352858 secs] [Times: user=0.03 sys=0.01, real=0.04 secs] 
2025-07-23T08:51:03.572+0800: 1031138.327: [GC (Allocation Failure) 2025-07-23T08:51:03.573+0800: 1031138.329: [DefNew: 420365K->923K(471872K), 0.0326789 secs] 755189K->335747K(996160K), 0.0349940 secs] [Times: user=0.03 sys=0.01, real=0.04 secs] 
2025-07-23T10:33:56.966+0800: 1037311.721: [GC (Allocation Failure) 2025-07-23T10:33:56.967+0800: 1037311.723: [DefNew: 420379K->877K(471872K), 0.0340111 secs] 755203K->335702K(996160K), 0.0362817 secs] [Times: user=0.03 sys=0.01, real=0.03 secs] 
2025-07-23T12:17:02.603+0800: 1043497.359: [GC (Allocation Failure) 2025-07-23T12:17:02.605+0800: 1043497.360: [DefNew: 420333K->900K(471872K), 0.0318172 secs] 755158K->335726K(996160K), 0.0339771 secs] [Times: user=0.03 sys=0.01, real=0.04 secs] 
2025-07-23T13:59:59.962+0800: 1049674.718: [GC (Allocation Failure) 2025-07-23T13:59:59.964+0800: 1049674.719: [DefNew: 420356K->905K(471872K), 0.0337572 secs] 755182K->335732K(996160K), 0.0358858 secs] [Times: user=0.01 sys=0.02, real=0.04 secs] 
2025-07-23T15:43:00.909+0800: 1055855.664: [GC (Allocation Failure) 2025-07-23T15:43:00.910+0800: 1055855.666: [DefNew: 420361K->925K(471872K), 0.0317308 secs] 755188K->335752K(996160K), 0.0338679 secs] [Times: user=0.03 sys=0.00, real=0.03 secs] 
2025-07-23T17:26:07.697+0800: 1062042.453: [GC (Allocation Failure) 2025-07-23T17:26:07.699+0800: 1062042.455: [DefNew: 420381K->874K(471872K), 0.0338568 secs] 755208K->335702K(996160K), 0.0361759 secs] [Times: user=0.04 sys=0.00, real=0.03 secs] 
2025-07-23T19:08:58.802+0800: 1068213.558: [GC (Allocation Failure) 2025-07-23T19:08:58.804+0800: 1068213.559: [DefNew: 420330K->887K(471872K), 0.0332897 secs] 755158K->335715K(996160K), 0.0354717 secs] [Times: user=0.03 sys=0.01, real=0.04 secs] 
2025-07-23T20:51:44.576+0800: 1074379.331: [GC (Allocation Failure) 2025-07-23T20:51:44.577+0800: 1074379.333: [DefNew: 420343K->902K(471872K), 0.0329442 secs] 755171K->335731K(996160K), 0.0351959 secs] [Times: user=0.02 sys=0.01, real=0.04 secs] 
2025-07-23T22:35:10.998+0800: 1080585.754: [GC (Allocation Failure) 2025-07-23T22:35:11.000+0800: 1080585.755: [DefNew: 420358K->913K(471872K), 0.0250172 secs] 755187K->335742K(996160K), 0.0272091 secs] [Times: user=0.02 sys=0.00, real=0.03 secs] 
2025-07-24T00:17:47.361+0800: 1086742.117: [GC (Allocation Failure) 2025-07-24T00:17:47.363+0800: 1086742.119: [DefNew: 420369K->933K(471872K), 0.0334818 secs] 755198K->335762K(996160K), 0.0357684 secs] [Times: user=0.04 sys=0.00, real=0.04 secs] 
2025-07-24T02:00:32.116+0800: 1092906.872: [GC (Allocation Failure) 2025-07-24T02:00:32.118+0800: 1092906.873: [DefNew: 420389K->879K(471872K), 0.0336863 secs] 755218K->335711K(996160K), 0.0358610 secs] [Times: user=0.02 sys=0.02, real=0.04 secs] 
2025-07-24T03:43:47.603+0800: 1099102.359: [GC (Allocation Failure) 2025-07-24T03:43:47.605+0800: 1099102.361: [DefNew: 420335K->902K(471872K), 0.0326677 secs] 755167K->335735K(996160K), 0.0349357 secs] [Times: user=0.02 sys=0.02, real=0.04 secs] 
2025-07-24T05:26:56.575+0800: 1105291.330: [GC (Allocation Failure) 2025-07-24T05:26:56.576+0800: 1105291.332: [DefNew: 420358K->903K(471872K), 0.0221132 secs] 755191K->335736K(996160K), 0.0243114 secs] [Times: user=0.03 sys=0.00, real=0.03 secs] 
2025-07-24T07:10:09.261+0800: 1111484.017: [GC (Allocation Failure) 2025-07-24T07:10:09.263+0800: 1111484.019: [DefNew: 420359K->921K(471872K), 0.0223644 secs] 755192K->335755K(996160K), 0.0245378 secs] [Times: user=0.03 sys=0.00, real=0.03 secs] 
2025-07-24T08:53:14.859+0800: 1117669.614: [GC (Allocation Failure) 2025-07-24T08:53:14.860+0800: 1117669.616: [DefNew: 420377K->875K(471872K), 0.0328886 secs] 755211K->335709K(996160K), 0.0353174 secs] [Times: user=0.04 sys=0.00, real=0.03 secs] 
2025-07-24T10:36:29.784+0800: 1123864.540: [GC (Allocation Failure) 2025-07-24T10:36:29.786+0800: 1123864.541: [DefNew: 420331K->901K(471872K), 0.0327504 secs] 755165K->335736K(996160K), 0.0349664 secs] [Times: user=0.02 sys=0.02, real=0.04 secs] 
2025-07-24T12:19:39.080+0800: 1130053.836: [GC (Allocation Failure) 2025-07-24T12:19:39.082+0800: 1130053.838: [DefNew: 420357K->903K(471872K), 0.0339833 secs] 755192K->335738K(996160K), 0.0363110 secs] [Times: user=0.04 sys=0.01, real=0.04 secs] 
2025-07-24T14:02:33.699+0800: 1136228.455: [GC (Allocation Failure) 2025-07-24T14:02:33.701+0800: 1136228.457: [DefNew: 420359K->923K(471872K), 0.0386805 secs] 755194K->335758K(996160K), 0.0409526 secs] [Times: user=0.04 sys=0.00, real=0.04 secs] 
2025-07-24T15:45:16.640+0800: 1142391.396: [GC (Allocation Failure) 2025-07-24T15:45:16.641+0800: 1142391.397: [DefNew: 420379K->871K(471872K), 0.0322385 secs] 755214K->335707K(996160K), 0.0344887 secs] [Times: user=0.02 sys=0.01, real=0.03 secs] 
2025-07-24T17:28:04.071+0800: 1148558.827: [GC (Allocation Failure) 2025-07-24T17:28:04.073+0800: 1148558.828: [DefNew: 420327K->892K(471872K), 0.0349094 secs] 755163K->335729K(996160K), 0.0372316 secs] [Times: user=0.02 sys=0.02, real=0.04 secs] 
2025-07-24T19:11:09.741+0800: 1154744.497: [GC (Allocation Failure) 2025-07-24T19:11:09.743+0800: 1154744.499: [DefNew: 420348K->896K(471872K), 0.0343414 secs] 755185K->335733K(996160K), 0.0366396 secs] [Times: user=0.02 sys=0.01, real=0.04 secs] 
2025-07-24T20:54:00.491+0800: 1160915.247: [GC (Allocation Failure) 2025-07-24T20:54:00.493+0800: 1160915.249: [DefNew: 420352K->916K(471872K), 0.0370777 secs] 755189K->335753K(996160K), 0.0395047 secs] [Times: user=0.03 sys=0.01, real=0.04 secs] 
2025-07-24T22:37:10.978+0800: 1167105.734: [GC (Allocation Failure) 2025-07-24T22:37:10.980+0800: 1167105.736: [DefNew: 420372K->922K(471872K), 0.0320967 secs] 755209K->335761K(996160K), 0.0345346 secs] [Times: user=0.02 sys=0.01, real=0.03 secs] 
2025-07-25T00:19:36.337+0800: 1173251.093: [GC (Allocation Failure) 2025-07-25T00:19:36.339+0800: 1173251.094: [DefNew: 420378K->886K(471872K), 0.0340296 secs] 755217K->335724K(996160K), 0.0364033 secs] [Times: user=0.03 sys=0.02, real=0.03 secs] 
2025-07-25T02:02:13.471+0800: 1179408.227: [GC (Allocation Failure) 2025-07-25T02:02:13.473+0800: 1179408.228: [DefNew: 420342K->890K(471872K), 0.0325768 secs] 755180K->335731K(996160K), 0.0348786 secs] [Times: user=0.04 sys=0.00, real=0.04 secs] 
2025-07-25T03:45:28.256+0800: 1185603.012: [GC (Allocation Failure) 2025-07-25T03:45:28.258+0800: 1185603.014: [DefNew: 420346K->908K(471872K), 0.0256675 secs] 755187K->335750K(996160K), 0.0279787 secs] [Times: user=0.03 sys=0.00, real=0.04 secs] 
2025-07-25T05:28:33.470+0800: 1191788.226: [GC (Allocation Failure) 2025-07-25T05:28:33.472+0800: 1191788.227: [DefNew: 420364K->917K(471872K), 0.0325528 secs] 755206K->335759K(996160K), 0.0347254 secs] [Times: user=0.02 sys=0.01, real=0.04 secs] 
2025-07-25T07:11:50.454+0800: 1197985.210: [GC (Allocation Failure) 2025-07-25T07:11:50.456+0800: 1197985.212: [DefNew: 420373K->878K(471872K), 0.0325261 secs] 755215K->335720K(996160K), 0.0348379 secs] [Times: user=0.02 sys=0.02, real=0.04 secs] 
2025-07-25T08:55:02.611+0800: 1204177.366: [GC (Allocation Failure) 2025-07-25T08:55:02.612+0800: 1204177.368: [DefNew: 420334K->892K(471872K), 0.0328163 secs] 755176K->335735K(996160K), 0.0350273 secs] [Times: user=0.03 sys=0.00, real=0.04 secs] 
2025-07-25T10:38:15.227+0800: 1210369.983: [GC (Allocation Failure) 2025-07-25T10:38:15.229+0800: 1210369.985: [DefNew: 420348K->906K(471872K), 0.0344109 secs] 755191K->335749K(996160K), 0.0368618 secs] [Times: user=0.03 sys=0.00, real=0.04 secs] 
2025-07-25T12:21:00.302+0800: 1216535.058: [GC (Allocation Failure) 2025-07-25T12:21:00.305+0800: 1216535.060: [DefNew: 420362K->926K(471872K), 0.0418266 secs] 755205K->335769K(996160K), 0.0451342 secs] [Times: user=0.04 sys=0.01, real=0.05 secs] 
2025-07-25T14:04:24.567+0800: 1222739.323: [GC (Allocation Failure) 2025-07-25T14:04:24.569+0800: 1222739.324: [DefNew: 420382K->874K(471872K), 0.0340369 secs] 755225K->335718K(996160K), 0.0363508 secs] [Times: user=0.03 sys=0.00, real=0.04 secs] 
2025-07-25T15:47:45.072+0800: 1228939.828: [GC (Allocation Failure) 2025-07-25T15:47:45.074+0800: 1228939.830: [DefNew: 420330K->896K(471872K), 0.0333264 secs] 755174K->335740K(996160K), 0.0357032 secs] [Times: user=0.03 sys=0.00, real=0.04 secs] 
2025-07-25T17:31:11.362+0800: 1235146.118: [GC (Allocation Failure) 2025-07-25T17:31:11.364+0800: 1235146.120: [DefNew: 420352K->907K(471872K), 0.0292495 secs] 755196K->335752K(996160K), 0.0316037 secs] [Times: user=0.03 sys=0.00, real=0.03 secs] 
2025-07-25T19:14:38.194+0800: 1241352.950: [GC (Allocation Failure) 2025-07-25T19:14:38.196+0800: 1241352.952: [DefNew: 420363K->925K(471872K), 0.0301003 secs] 755208K->335770K(996160K), 0.0323671 secs] [Times: user=0.02 sys=0.02, real=0.04 secs] 
2025-07-25T20:57:58.618+0800: 1247553.373: [GC (Allocation Failure) 2025-07-25T20:57:58.619+0800: 1247553.375: [DefNew: 420381K->879K(471872K), 0.0367164 secs] 755226K->335725K(996160K), 0.0391091 secs] [Times: user=0.03 sys=0.01, real=0.04 secs] 
2025-07-25T22:41:25.207+0800: 1253759.963: [GC (Allocation Failure) 2025-07-25T22:41:25.209+0800: 1253759.965: [DefNew: 420335K->897K(471872K), 0.0325355 secs] 755181K->335743K(996160K), 0.0349023 secs] [Times: user=0.03 sys=0.01, real=0.03 secs] 
2025-07-26T00:24:26.944+0800: 1259941.700: [GC (Allocation Failure) 2025-07-26T00:24:26.946+0800: 1259941.702: [DefNew: 420353K->902K(471872K), 0.0291822 secs] 755199K->335748K(996160K), 0.0315082 secs] [Times: user=0.03 sys=0.01, real=0.04 secs] 
2025-07-26T02:07:34.517+0800: 1266129.272: [GC (Allocation Failure) 2025-07-26T02:07:34.518+0800: 1266129.274: [DefNew: 420358K->917K(471872K), 0.0285668 secs] 755204K->335766K(996160K), 0.0308330 secs] [Times: user=0.01 sys=0.03, real=0.03 secs] 
2025-07-26T03:51:01.745+0800: 1272336.501: [GC (Allocation Failure) 2025-07-26T03:51:01.747+0800: 1272336.503: [DefNew: 420373K->876K(471872K), 0.0302601 secs] 755222K->335726K(996160K), 0.0325832 secs] [Times: user=0.02 sys=0.02, real=0.03 secs] 
2025-07-26T05:34:03.011+0800: 1278517.767: [GC (Allocation Failure) 2025-07-26T05:34:03.013+0800: 1278517.769: [DefNew: 420332K->889K(471872K), 0.0254833 secs] 755182K->335739K(996160K), 0.0278063 secs] [Times: user=0.03 sys=0.00, real=0.03 secs] 
2025-07-26T07:17:16.519+0800: 1284711.275: [GC (Allocation Failure) 2025-07-26T07:17:16.521+0800: 1284711.277: [DefNew: 420345K->900K(471872K), 0.0283700 secs] 755195K->335751K(996160K), 0.0307005 secs] [Times: user=0.03 sys=0.00, real=0.03 secs] 
2025-07-26T09:00:11.948+0800: 1290886.704: [GC (Allocation Failure) 2025-07-26T09:00:11.950+0800: 1290886.706: [DefNew: 420356K->920K(471872K), 0.0234733 secs] 755207K->335772K(996160K), 0.0257333 secs] [Times: user=0.02 sys=0.01, real=0.02 secs] 
2025-07-26T10:43:38.470+0800: 1297093.226: [GC (Allocation Failure) 2025-07-26T10:43:38.472+0800: 1297093.228: [DefNew: 420376K->872K(471872K), 0.0198026 secs] 755228K->335724K(996160K), 0.0221260 secs] [Times: user=0.03 sys=0.00, real=0.02 secs] 
2025-07-26T12:26:42.770+0800: 1303277.526: [GC (Allocation Failure) 2025-07-26T12:26:42.772+0800: 1303277.527: [DefNew: 420328K->889K(471872K), 0.0229604 secs] 755180K->335740K(996160K), 0.0253053 secs] [Times: user=0.03 sys=0.00, real=0.03 secs] 
2025-07-26T14:10:09.267+0800: 1309484.023: [GC (Allocation Failure) 2025-07-26T14:10:09.269+0800: 1309484.025: [DefNew: 420345K->895K(471872K), 0.0310337 secs] 755196K->335747K(996160K), 0.0332505 secs] [Times: user=0.03 sys=0.01, real=0.03 secs] 
2025-07-26T15:53:08.778+0800: 1315663.534: [GC (Allocation Failure) 2025-07-26T15:53:08.780+0800: 1315663.536: [DefNew: 420351K->915K(471872K), 0.0226138 secs] 755203K->335768K(996160K), 0.0249436 secs] [Times: user=0.03 sys=0.00, real=0.02 secs] 
2025-07-26T17:36:22.609+0800: 1321857.365: [GC (Allocation Failure) 2025-07-26T17:36:22.611+0800: 1321857.367: [DefNew: 420371K->865K(471872K), 0.0198431 secs] 755224K->335718K(996160K), 0.0221428 secs] [Times: user=0.03 sys=0.00, real=0.02 secs] 
2025-07-26T19:19:22.163+0800: 1328036.919: [GC (Allocation Failure) 2025-07-26T19:19:22.165+0800: 1328036.920: [DefNew: 420321K->890K(471872K), 0.0349830 secs] 755174K->335743K(996160K), 0.0372727 secs] [Times: user=0.03 sys=0.01, real=0.04 secs] 
2025-07-26T21:02:30.101+0800: 1334224.857: [GC (Allocation Failure) 2025-07-26T21:02:30.103+0800: 1334224.859: [DefNew: 420346K->896K(471872K), 0.0224479 secs] 755199K->335750K(996160K), 0.0247846 secs] [Times: user=0.03 sys=0.00, real=0.03 secs] 
2025-07-26T22:45:20.581+0800: 1340395.337: [GC (Allocation Failure) 2025-07-26T22:45:20.582+0800: 1340395.338: [DefNew: 420352K->915K(471872K), 0.0276893 secs] 755206K->335768K(996160K), 0.0298484 secs] [Times: user=0.02 sys=0.01, real=0.03 secs] 
2025-07-27T00:27:36.059+0800: 1346530.815: [GC (Allocation Failure) 2025-07-27T00:27:36.061+0800: 1346530.816: [DefNew: 420371K->921K(471872K), 0.0232508 secs] 755224K->335775K(996160K), 0.0255489 secs] [Times: user=0.03 sys=0.00, real=0.03 secs] 
2025-07-27T02:10:17.458+0800: 1352692.213: [GC (Allocation Failure) 2025-07-27T02:10:17.459+0800: 1352692.215: [DefNew: 420377K->879K(471872K), 0.0245499 secs] 755231K->335736K(996160K), 0.0269106 secs] [Times: user=0.03 sys=0.00, real=0.03 secs] 
2025-07-27T03:53:20.675+0800: 1358875.431: [GC (Allocation Failure) 2025-07-27T03:53:20.677+0800: 1358875.433: [DefNew: 420335K->893K(471872K), 0.0314385 secs] 755192K->335751K(996160K), 0.0338706 secs] [Times: user=0.04 sys=0.00, real=0.04 secs] 
2025-07-27T05:36:21.908+0800: 1365056.664: [GC (Allocation Failure) 2025-07-27T05:36:21.910+0800: 1365056.666: [DefNew: 420349K->901K(471872K), 0.0353855 secs] 755207K->335758K(996160K), 0.0377822 secs] [Times: user=0.03 sys=0.01, real=0.04 secs] 
2025-07-27T07:19:32.100+0800: 1371246.856: [GC (Allocation Failure) 2025-07-27T07:19:32.102+0800: 1371246.858: [DefNew: 420357K->921K(471872K), 0.0305727 secs] 755214K->335779K(996160K), 0.0328573 secs] [Times: user=0.03 sys=0.00, real=0.03 secs] 
2025-07-27T09:02:33.913+0800: 1377428.669: [GC (Allocation Failure) 2025-07-27T09:02:33.915+0800: 1377428.671: [DefNew: 420377K->876K(471872K), 0.0263409 secs] 755235K->335735K(996160K), 0.0286405 secs] [Times: user=0.02 sys=0.01, real=0.03 secs] 
2025-07-27T10:45:48.665+0800: 1383623.421: [GC (Allocation Failure) 2025-07-27T10:45:48.667+0800: 1383623.423: [DefNew: 420332K->893K(471872K), 0.0252541 secs] 755191K->335752K(996160K), 0.0275672 secs] [Times: user=0.02 sys=0.01, real=0.02 secs] 
2025-07-27T12:28:54.093+0800: 1389808.849: [GC (Allocation Failure) 2025-07-27T12:28:54.095+0800: 1389808.851: [DefNew: 420349K->899K(471872K), 0.0199251 secs] 755208K->335758K(996160K), 0.0221841 secs] [Times: user=0.02 sys=0.00, real=0.03 secs] 
2025-07-27T14:11:49.502+0800: 1395984.257: [GC (Allocation Failure) 2025-07-27T14:11:49.503+0800: 1395984.259: [DefNew: 420355K->914K(471872K), 0.0324840 secs] 755214K->335774K(996160K), 0.0348054 secs] [Times: user=0.03 sys=0.00, real=0.04 secs] 
2025-07-27T15:54:55.712+0800: 1402170.468: [GC (Allocation Failure) 2025-07-27T15:54:55.714+0800: 1402170.470: [DefNew: 420370K->918K(471872K), 0.0296858 secs] 755230K->335778K(996160K), 0.0320462 secs] [Times: user=0.03 sys=0.00, real=0.04 secs] 
2025-07-27T17:38:15.408+0800: 1408370.163: [GC (Allocation Failure) 2025-07-27T17:38:15.409+0800: 1408370.165: [DefNew: 420374K->899K(471872K), 0.0252301 secs] 755234K->335759K(996160K), 0.0275016 secs] [Times: user=0.03 sys=0.01, real=0.03 secs] 
2025-07-27T19:21:28.337+0800: 1414563.093: [GC (Allocation Failure) 2025-07-27T19:21:28.339+0800: 1414563.095: [DefNew: 420355K->895K(471872K), 0.0347470 secs] 755215K->335756K(996160K), 0.0370929 secs] [Times: user=0.02 sys=0.02, real=0.03 secs] 
2025-07-27T21:04:21.274+0800: 1420736.030: [GC (Allocation Failure) 2025-07-27T21:04:21.276+0800: 1420736.031: [DefNew: 420351K->916K(471872K), 0.0268281 secs] 755212K->335776K(996160K), 0.0291361 secs] [Times: user=0.01 sys=0.02, real=0.04 secs] 
2025-07-27T22:47:41.693+0800: 1426936.449: [GC (Allocation Failure) 2025-07-27T22:47:41.695+0800: 1426936.451: [DefNew: 420372K->928K(471872K), 0.0329937 secs] 755232K->335789K(996160K), 0.0353570 secs] [Times: user=0.04 sys=0.01, real=0.04 secs] 
2025-07-28T00:30:18.299+0800: 1433093.055: [GC (Allocation Failure) 2025-07-28T00:30:18.301+0800: 1433093.057: [DefNew: 420384K->890K(471872K), 0.0327264 secs] 755245K->335751K(996160K), 0.0349911 secs] [Times: user=0.04 sys=0.00, real=0.03 secs] 
2025-07-28T02:13:03.194+0800: 1439257.949: [GC (Allocation Failure) 2025-07-28T02:13:03.195+0800: 1439257.951: [DefNew: 420346K->891K(471872K), 0.0231399 secs] 755207K->335758K(996160K), 0.0254683 secs] [Times: user=0.03 sys=0.00, real=0.03 secs] 
2025-07-28T03:56:18.016+0800: 1445452.771: [GC (Allocation Failure) 2025-07-28T03:56:18.017+0800: 1445452.773: [DefNew: 420347K->912K(471872K), 0.0312239 secs] 755214K->335778K(996160K), 0.0334111 secs] [Times: user=0.03 sys=0.01, real=0.04 secs] 
2025-07-28T05:39:03.460+0800: 1451618.216: [GC (Allocation Failure) 2025-07-28T05:39:03.462+0800: 1451618.218: [DefNew: 420368K->915K(471872K), 0.0227622 secs] 755234K->335782K(996160K), 0.0251252 secs] [Times: user=0.03 sys=0.00, real=0.03 secs] 
2025-07-28T07:22:18.897+0800: 1457813.652: [GC (Allocation Failure) 2025-07-28T07:22:18.898+0800: 1457813.654: [DefNew: 420371K->882K(471872K), 0.0303071 secs] 755238K->335750K(996160K), 0.0326382 secs] [Times: user=0.03 sys=0.01, real=0.03 secs] 
2025-07-28T09:05:16.841+0800: 1463991.597: [GC (Allocation Failure) 2025-07-28T09:05:16.843+0800: 1463991.598: [DefNew: 420338K->882K(471872K), 0.0262985 secs] 755206K->335750K(996160K), 0.0285345 secs] [Times: user=0.03 sys=0.00, real=0.03 secs] 
2025-07-28T10:48:06.338+0800: 1470161.094: [GC (Allocation Failure) 2025-07-28T10:48:06.340+0800: 1470161.096: [DefNew: 420338K->914K(471872K), 0.0316783 secs] 755206K->335782K(996160K), 0.0340114 secs] [Times: user=0.03 sys=0.00, real=0.03 secs] 
2025-07-28T12:30:52.734+0800: 1476327.490: [GC (Allocation Failure) 2025-07-28T12:30:52.736+0800: 1476327.492: [DefNew: 420370K->916K(471872K), 0.0286590 secs] 755238K->335785K(996160K), 0.0309637 secs] [Times: user=0.03 sys=0.00, real=0.04 secs] 
2025-07-28T14:14:02.136+0800: 1482516.892: [GC (Allocation Failure) 2025-07-28T14:14:02.138+0800: 1482516.894: [DefNew: 420372K->926K(471872K), 0.0334633 secs] 755241K->335795K(996160K), 0.0358619 secs] [Times: user=0.03 sys=0.00, real=0.04 secs] 
2025-07-28T15:57:03.610+0800: 1488698.366: [GC (Allocation Failure) 2025-07-28T15:57:03.612+0800: 1488698.367: [DefNew: 420382K->888K(471872K), 0.0351753 secs] 755251K->335757K(996160K), 0.0375189 secs] [Times: user=0.03 sys=0.01, real=0.04 secs] 
2025-07-28T17:40:18.668+0800: 1494893.424: [GC (Allocation Failure) 2025-07-28T17:40:18.670+0800: 1494893.426: [DefNew: 420344K->894K(471872K), 0.0318744 secs] 755213K->335764K(996160K), 0.0342454 secs] [Times: user=0.03 sys=0.00, real=0.03 secs] 
2025-07-28T19:23:36.630+0800: 1501091.386: [GC (Allocation Failure) 2025-07-28T19:23:36.632+0800: 1501091.388: [DefNew: 420350K->911K(471872K), 0.0237901 secs] 755220K->335781K(996160K), 0.0264281 secs] [Times: user=0.03 sys=0.00, real=0.03 secs] 
2025-07-28T21:07:02.954+0800: 1507297.710: [GC (Allocation Failure) 2025-07-28T21:07:02.956+0800: 1507297.711: [DefNew: 420367K->930K(471872K), 0.0277214 secs] 755237K->335801K(996160K), 0.0299570 secs] [Times: user=0.03 sys=0.00, real=0.04 secs] 
2025-07-28T22:49:52.864+0800: 1513467.620: [GC (Allocation Failure) 2025-07-28T22:49:52.866+0800: 1513467.622: [DefNew: 420386K->885K(471872K), 0.0279059 secs] 755257K->335756K(996160K), 0.0302550 secs] [Times: user=0.02 sys=0.00, real=0.02 secs] 
2025-07-29T00:31:45.760+0800: 1519580.516: [GC (Allocation Failure) 2025-07-29T00:31:45.762+0800: 1519580.518: [DefNew: 420341K->891K(471872K), 0.0317530 secs] 755212K->335762K(996160K), 0.0341049 secs] [Times: user=0.03 sys=0.00, real=0.03 secs] 
2025-07-29T02:14:35.555+0800: 1525750.311: [GC (Allocation Failure) 2025-07-29T02:14:35.557+0800: 1525750.313: [DefNew: 420347K->910K(471872K), 0.0344044 secs] 755218K->335784K(996160K), 0.0367730 secs] [Times: user=0.03 sys=0.01, real=0.04 secs] 
2025-07-29T03:57:40.495+0800: 1531935.250: [GC (Allocation Failure) 2025-07-29T03:57:40.496+0800: 1531935.252: [DefNew: 420366K->912K(471872K), 0.0234582 secs] 755240K->335787K(996160K), 0.0257674 secs] [Times: user=0.03 sys=0.00, real=0.03 secs] 
2025-07-29T05:40:38.327+0800: 1538113.082: [GC (Allocation Failure) 2025-07-29T05:40:38.328+0800: 1538113.084: [DefNew: 420368K->887K(471872K), 0.0318614 secs] 755243K->335762K(996160K), 0.0341085 secs] [Times: user=0.03 sys=0.00, real=0.03 secs] 
2025-07-29T07:23:49.144+0800: 1544303.900: [GC (Allocation Failure) 2025-07-29T07:23:49.146+0800: 1544303.902: [DefNew: 420343K->884K(471872K), 0.0244338 secs] 755218K->335759K(996160K), 0.0267282 secs] [Times: user=0.03 sys=0.00, real=0.02 secs] 
2025-07-29T09:06:51.653+0800: 1550486.408: [GC (Allocation Failure) 2025-07-29T09:06:51.654+0800: 1550486.410: [DefNew: 420340K->909K(471872K), 0.0295518 secs] 755215K->335785K(996160K), 0.0318316 secs] [Times: user=0.03 sys=0.00, real=0.04 secs] 
2025-07-29T10:49:55.781+0800: 1556670.537: [GC (Allocation Failure) 2025-07-29T10:49:55.783+0800: 1556670.539: [DefNew: 420365K->911K(471872K), 0.0330675 secs] 755241K->335787K(996160K), 0.0353988 secs] [Times: user=0.02 sys=0.02, real=0.04 secs] 
2025-07-29T12:33:03.689+0800: 1562858.445: [GC (Allocation Failure) 2025-07-29T12:33:03.691+0800: 1562858.447: [DefNew: 420367K->935K(471872K), 0.0300032 secs] 755243K->335812K(996160K), 0.0322887 secs] [Times: user=0.03 sys=0.00, real=0.03 secs] 
2025-07-29T14:16:09.099+0800: 1569043.855: [GC (Allocation Failure) 2025-07-29T14:16:09.101+0800: 1569043.856: [DefNew: 420391K->885K(471872K), 0.0337929 secs] 755268K->335762K(996160K), 0.0360201 secs] [Times: user=0.04 sys=0.00, real=0.03 secs] 
2025-07-29T15:59:15.799+0800: 1575230.555: [GC (Allocation Failure) 2025-07-29T15:59:15.801+0800: 1575230.556: [DefNew: 420341K->902K(471872K), 0.0344754 secs] 755218K->335779K(996160K), 0.0367344 secs] [Times: user=0.04 sys=0.00, real=0.04 secs] 
2025-07-29T17:42:22.462+0800: 1581417.218: [GC (Allocation Failure) 2025-07-29T17:42:22.464+0800: 1581417.219: [DefNew: 420358K->906K(471872K), 0.0301526 secs] 755235K->335783K(996160K), 0.0323800 secs] [Times: user=0.03 sys=0.00, real=0.03 secs] 
2025-07-29T19:25:30.184+0800: 1587604.940: [GC (Allocation Failure) 2025-07-29T19:25:30.186+0800: 1587604.942: [DefNew: 420362K->930K(471872K), 0.0222668 secs] 755239K->335807K(996160K), 0.0245030 secs] [Times: user=0.02 sys=0.00, real=0.03 secs] 
2025-07-29T21:08:37.161+0800: 1593791.917: [GC (Allocation Failure) 2025-07-29T21:08:37.163+0800: 1593791.919: [DefNew: 420386K->880K(471872K), 0.0351526 secs] 755263K->335758K(996160K), 0.0375006 secs] [Times: user=0.03 sys=0.01, real=0.04 secs] 
2025-07-29T22:51:25.964+0800: 1599960.720: [GC (Allocation Failure) 2025-07-29T22:51:25.966+0800: 1599960.722: [DefNew: 420336K->898K(471872K), 0.0309587 secs] 755214K->335776K(996160K), 0.0331932 secs] [Times: user=0.04 sys=0.00, real=0.04 secs] 
2025-07-30T00:33:50.845+0800: 1606105.600: [GC (Allocation Failure) 2025-07-30T00:33:50.846+0800: 1606105.602: [DefNew: 420354K->905K(471872K), 0.0315601 secs] 755232K->335784K(996160K), 0.0338528 secs] [Times: user=0.02 sys=0.02, real=0.03 secs] 
2025-07-30T02:16:30.492+0800: 1612265.248: [GC (Allocation Failure) 2025-07-30T02:16:30.494+0800: 1612265.250: [DefNew: 420361K->926K(471872K), 0.0228300 secs] 755240K->335808K(996160K), 0.0251260 secs] [Times: user=0.02 sys=0.00, real=0.03 secs] 
2025-07-30T03:59:42.422+0800: 1618457.178: [GC (Allocation Failure) 2025-07-30T03:59:42.424+0800: 1618457.180: [DefNew: 420382K->878K(471872K), 0.0337362 secs] 755264K->335759K(996160K), 0.0360749 secs] [Times: user=0.03 sys=0.02, real=0.04 secs] 
2025-07-30T05:42:44.881+0800: 1624639.636: [GC (Allocation Failure) 2025-07-30T05:42:44.882+0800: 1624639.638: [DefNew: 420334K->897K(471872K), 0.0194305 secs] 755215K->335779K(996160K), 0.0211766 secs] [Times: user=0.03 sys=0.00, real=0.02 secs] 
2025-07-30T07:26:05.286+0800: 1630840.041: [GC (Allocation Failure) 2025-07-30T07:26:05.287+0800: 1630840.043: [DefNew: 420353K->900K(471872K), 0.0313700 secs] 755235K->335783K(996160K), 0.0336315 secs] [Times: user=0.02 sys=0.01, real=0.03 secs] 
2025-07-30T09:09:12.171+0800: 1637026.927: [GC (Allocation Failure) 2025-07-30T09:09:12.173+0800: 1637026.928: [DefNew: 420356K->915K(471872K), 0.0324931 secs] 755239K->335798K(996160K), 0.0347893 secs] [Times: user=0.04 sys=0.01, real=0.04 secs] 
2025-07-30T10:52:30.829+0800: 1643225.585: [GC (Allocation Failure) 2025-07-30T10:52:30.831+0800: 1643225.587: [DefNew: 420371K->881K(471872K), 0.0401591 secs] 755254K->335765K(996160K), 0.0425855 secs] [Times: user=0.03 sys=0.03, real=0.04 secs] 
2025-07-30T12:35:44.727+0800: 1649419.483: [GC (Allocation Failure) 2025-07-30T12:35:44.729+0800: 1649419.484: [DefNew: 420337K->893K(471872K), 0.0374226 secs] 755221K->335777K(996160K), 0.0397467 secs] [Times: user=0.03 sys=0.00, real=0.04 secs] 
2025-07-30T14:18:51.936+0800: 1655606.692: [GC (Allocation Failure) 2025-07-30T14:18:51.938+0800: 1655606.694: [DefNew: 420349K->904K(471872K), 0.0361663 secs] 755233K->335788K(996160K), 0.0384505 secs] [Times: user=0.01 sys=0.02, real=0.04 secs] 
2025-07-30T16:01:29.110+0800: 1661763.866: [GC (Allocation Failure) 2025-07-30T16:01:29.112+0800: 1661763.867: [DefNew: 420360K->916K(471872K), 0.0329457 secs] 755244K->335800K(996160K), 0.0351582 secs] [Times: user=0.02 sys=0.02, real=0.04 secs] 
2025-07-30T17:44:23.915+0800: 1667938.671: [GC (Allocation Failure) 2025-07-30T17:44:23.917+0800: 1667938.673: [DefNew: 420372K->924K(471872K), 0.0336604 secs] 755256K->335809K(996160K), 0.0360627 secs] [Times: user=0.01 sys=0.03, real=0.04 secs] 
2025-07-30T19:27:40.048+0800: 1674134.803: [GC (Allocation Failure) 2025-07-30T19:27:40.049+0800: 1674134.805: [DefNew: 420380K->881K(471872K), 0.0331778 secs] 755265K->335766K(996160K), 0.0354051 secs] [Times: user=0.03 sys=0.00, real=0.04 secs] 
2025-07-30T21:10:46.823+0800: 1680321.579: [GC (Allocation Failure) 2025-07-30T21:10:46.825+0800: 1680321.580: [DefNew: 420337K->901K(471872K), 0.0335051 secs] 755222K->335787K(996160K), 0.0358821 secs] [Times: user=0.03 sys=0.01, real=0.04 secs] 
2025-07-30T22:53:36.047+0800: 1686490.803: [GC (Allocation Failure) 2025-07-30T22:53:36.049+0800: 1686490.804: [DefNew: 420357K->904K(471872K), 0.0313502 secs] 755243K->335790K(996160K), 0.0336504 secs] [Times: user=0.03 sys=0.00, real=0.03 secs] 
2025-07-31T00:36:12.885+0800: 1692647.641: [GC (Allocation Failure) 2025-07-31T00:36:12.887+0800: 1692647.643: [DefNew: 420360K->930K(471872K), 0.0226565 secs] 755246K->335816K(996160K), 0.0249263 secs] [Times: user=0.03 sys=0.00, real=0.02 secs] 
2025-07-31T02:18:51.152+0800: 1698805.908: [GC (Allocation Failure) 2025-07-31T02:18:51.154+0800: 1698805.909: [DefNew: 420386K->870K(471872K), 0.0338172 secs] 755272K->335760K(996160K), 0.0361864 secs] [Times: user=0.03 sys=0.01, real=0.04 secs] 
2025-07-31T04:02:07.659+0800: 1705002.414: [GC (Allocation Failure) 2025-07-31T04:02:07.660+0800: 1705002.416: [DefNew: 420326K->897K(471872K), 0.0315546 secs] 755216K->335787K(996160K), 0.0337999 secs] [Times: user=0.02 sys=0.01, real=0.03 secs] 
2025-07-31T05:45:13.734+0800: 1711188.490: [GC (Allocation Failure) 2025-07-31T05:45:13.735+0800: 1711188.491: [DefNew: 420353K->899K(471872K), 0.0325121 secs] 755243K->335791K(996160K), 0.0347698 secs] [Times: user=0.04 sys=0.00, real=0.04 secs] 
2025-07-31T07:28:22.350+0800: 1717377.106: [GC (Allocation Failure) 2025-07-31T07:28:22.352+0800: 1717377.108: [DefNew: 420355K->924K(471872K), 0.0372584 secs] 755247K->335817K(996160K), 0.0395945 secs] [Times: user=0.02 sys=0.02, real=0.04 secs] 
2025-07-31T09:11:32.429+0800: 1723567.185: [GC (Allocation Failure) 2025-07-31T09:11:32.431+0800: 1723567.187: [DefNew: 420380K->868K(471872K), 0.0357166 secs] 755273K->335761K(996160K), 0.0380837 secs] [Times: user=0.02 sys=0.02, real=0.04 secs] 
2025-07-31T10:54:24.132+0800: 1729738.887: [GC (Allocation Failure) 2025-07-31T10:54:24.133+0800: 1729738.889: [DefNew: 420324K->888K(471872K), 0.0366851 secs] 755217K->335781K(996160K), 0.0391130 secs] [Times: user=0.05 sys=0.00, real=0.04 secs] 
2025-07-31T12:37:12.257+0800: 1735907.013: [GC (Allocation Failure) 2025-07-31T12:37:12.259+0800: 1735907.014: [DefNew: 420344K->897K(471872K), 0.0341016 secs] 755237K->335790K(996160K), 0.0363981 secs] [Times: user=0.02 sys=0.01, real=0.03 secs] 
2025-07-31T14:19:58.479+0800: 1742073.234: [GC (Allocation Failure) 2025-07-31T14:19:58.480+0800: 1742073.236: [DefNew: 420353K->915K(471872K), 0.0338485 secs] 755246K->335809K(996160K), 0.0361301 secs] [Times: user=0.03 sys=0.00, real=0.03 secs] 
2025-07-31T16:02:42.057+0800: 1748236.813: [GC (Allocation Failure) 2025-07-31T16:02:42.058+0800: 1748236.814: [DefNew: 420371K->919K(471872K), 0.0267585 secs] 755265K->335813K(996160K), 0.0290308 secs] [Times: user=0.02 sys=0.01, real=0.03 secs] 
2025-07-31T17:45:26.482+0800: 1754401.237: [GC (Allocation Failure) 2025-07-31T17:45:26.483+0800: 1754401.239: [DefNew: 420375K->877K(471872K), 0.0321328 secs] 755269K->335772K(996160K), 0.0342750 secs] [Times: user=0.02 sys=0.02, real=0.04 secs] 
2025-07-31T19:28:30.347+0800: 1760585.103: [GC (Allocation Failure) 2025-07-31T19:28:30.349+0800: 1760585.104: [DefNew: 420333K->890K(471872K), 0.0299600 secs] 755228K->335785K(996160K), 0.0321695 secs] [Times: user=0.03 sys=0.00, real=0.03 secs] 
2025-07-31T21:11:48.004+0800: 1766782.760: [GC (Allocation Failure) 2025-07-31T21:11:48.006+0800: 1766782.761: [DefNew: 420346K->903K(471872K), 0.0375964 secs] 755241K->335798K(996160K), 0.0398503 secs] [Times: user=0.04 sys=0.02, real=0.05 secs] 
2025-07-31T22:54:56.795+0800: 1772971.551: [GC (Allocation Failure) 2025-07-31T22:54:56.797+0800: 1772971.553: [DefNew: 420359K->920K(471872K), 0.0339466 secs] 755254K->335816K(996160K), 0.0366390 secs] [Times: user=0.04 sys=0.00, real=0.04 secs] 
2025-08-01T00:37:11.691+0800: 1779106.447: [GC (Allocation Failure) 2025-08-01T00:37:11.693+0800: 1779106.449: [DefNew: 420376K->878K(471872K), 0.0325859 secs] 755272K->335774K(996160K), 0.0349283 secs] [Times: user=0.04 sys=0.00, real=0.04 secs] 
2025-08-01T02:19:54.201+0800: 1785268.957: [GC (Allocation Failure) 2025-08-01T02:19:54.203+0800: 1785268.959: [DefNew: 420334K->886K(471872K), 0.0256420 secs] 755230K->335785K(996160K), 0.0279357 secs] [Times: user=0.03 sys=0.00, real=0.03 secs] 
2025-08-01T04:03:05.032+0800: 1791459.788: [GC (Allocation Failure) 2025-08-01T04:03:05.034+0800: 1791459.790: [DefNew: 420342K->894K(471872K), 0.0317282 secs] 755241K->335793K(996160K), 0.0340944 secs] [Times: user=0.01 sys=0.02, real=0.04 secs] 
2025-08-01T05:46:07.938+0800: 1797642.694: [GC (Allocation Failure) 2025-08-01T05:46:07.940+0800: 1797642.695: [DefNew: 420350K->923K(471872K), 0.0329283 secs] 755249K->335822K(996160K), 0.0349847 secs] [Times: user=0.04 sys=0.01, real=0.03 secs] 
2025-08-01T07:29:20.948+0800: 1803835.703: [GC (Allocation Failure) 2025-08-01T07:29:20.949+0800: 1803835.705: [DefNew: 420379K->919K(471872K), 0.0215565 secs] 755278K->335819K(996160K), 0.0237841 secs] [Times: user=0.03 sys=0.00, real=0.02 secs] 
2025-08-01T09:11:58.139+0800: 1809992.895: [GC (Allocation Failure) 2025-08-01T09:11:58.141+0800: 1809992.897: [DefNew: 420375K->884K(471872K), 0.0331819 secs] 755275K->335784K(996160K), 0.0355410 secs] [Times: user=0.03 sys=0.01, real=0.03 secs] 
2025-08-01T10:54:49.244+0800: 1816164.000: [GC (Allocation Failure) 2025-08-01T10:54:49.246+0800: 1816164.002: [DefNew: 420340K->892K(471872K), 0.0336506 secs] 755240K->335792K(996160K), 0.0362199 secs] [Times: user=0.03 sys=0.00, real=0.03 secs] 
2025-08-01T12:37:32.258+0800: 1822327.014: [GC (Allocation Failure) 2025-08-01T12:37:32.260+0800: 1822327.016: [DefNew: 420348K->914K(471872K), 0.0323883 secs] 755248K->335815K(996160K), 0.0346940 secs] [Times: user=0.03 sys=0.00, real=0.03 secs] 
2025-08-01T14:20:42.589+0800: 1828517.345: [GC (Allocation Failure) 2025-08-01T14:20:42.591+0800: 1828517.347: [DefNew: 420370K->917K(471872K), 0.0341897 secs] 755271K->335818K(996160K), 0.0366617 secs] [Times: user=0.01 sys=0.03, real=0.04 secs] 
2025-08-01T16:03:48.238+0800: 1834702.994: [GC (Allocation Failure) 2025-08-01T16:03:48.240+0800: 1834702.995: [DefNew: 420373K->884K(471872K), 0.0341190 secs] 755274K->335786K(996160K), 0.0363960 secs] [Times: user=0.01 sys=0.03, real=0.03 secs] 
2025-08-01T17:46:55.964+0800: 1840890.720: [GC (Allocation Failure) 2025-08-01T17:46:55.966+0800: 1840890.722: [DefNew: 420340K->888K(471872K), 0.0338181 secs] 755242K->335790K(996160K), 0.0361118 secs] [Times: user=0.02 sys=0.02, real=0.03 secs] 
2025-08-01T19:29:33.184+0800: 1847047.940: [GC (Allocation Failure) 2025-08-01T19:29:33.186+0800: 1847047.941: [DefNew: 420344K->909K(471872K), 0.0336322 secs] 755246K->335811K(996160K), 0.0359477 secs] [Times: user=0.02 sys=0.02, real=0.04 secs] 
2025-08-01T21:12:22.070+0800: 1853216.826: [GC (Allocation Failure) 2025-08-01T21:12:22.072+0800: 1853216.828: [DefNew: 420365K->910K(471872K), 0.0332297 secs] 755267K->335812K(996160K), 0.0355571 secs] [Times: user=0.03 sys=0.01, real=0.04 secs] 
2025-08-01T22:54:59.405+0800: 1859374.161: [GC (Allocation Failure) 2025-08-01T22:54:59.407+0800: 1859374.162: [DefNew: 420366K->926K(471872K), 0.0363223 secs] 755268K->335829K(996160K), 0.0385292 secs] [Times: user=0.02 sys=0.02, real=0.04 secs] 
2025-08-02T00:37:24.241+0800: 1865518.997: [GC (Allocation Failure) 2025-08-02T00:37:24.243+0800: 1865518.999: [DefNew: 420382K->880K(471872K), 0.0339608 secs] 755285K->335783K(996160K), 0.0363129 secs] [Times: user=0.02 sys=0.02, real=0.04 secs] 
2025-08-02T02:20:00.969+0800: 1871675.725: [GC (Allocation Failure) 2025-08-02T02:20:00.970+0800: 1871675.726: [DefNew: 420336K->894K(471872K), 0.0225571 secs] 755239K->335800K(996160K), 0.0248090 secs] [Times: user=0.02 sys=0.01, real=0.02 secs] 
2025-08-02T04:02:55.044+0800: 1877849.800: [GC (Allocation Failure) 2025-08-02T04:02:55.046+0800: 1877849.801: [DefNew: 420350K->901K(471872K), 0.0316629 secs] 755256K->335807K(996160K), 0.0339598 secs] [Times: user=0.03 sys=0.01, real=0.04 secs] 
2025-08-02T05:45:53.946+0800: 1884028.702: [GC (Allocation Failure) 2025-08-02T05:45:53.948+0800: 1884028.704: [DefNew: 420357K->920K(471872K), 0.0221549 secs] 755263K->335826K(996160K), 0.0244769 secs] [Times: user=0.03 sys=0.00, real=0.02 secs] 
2025-08-02T07:28:53.379+0800: 1890208.135: [GC (Allocation Failure) 2025-08-02T07:28:53.381+0800: 1890208.137: [DefNew: 420376K->877K(471872K), 0.0361812 secs] 755282K->335784K(996160K), 0.0385095 secs] [Times: user=0.03 sys=0.00, real=0.04 secs] 
2025-08-02T09:11:51.523+0800: 1896386.279: [GC (Allocation Failure) 2025-08-02T09:11:51.525+0800: 1896386.281: [DefNew: 420333K->889K(471872K), 0.0317577 secs] 755240K->335796K(996160K), 0.0340707 secs] [Times: user=0.03 sys=0.01, real=0.04 secs] 
2025-08-02T10:54:40.347+0800: 1902555.103: [GC (Allocation Failure) 2025-08-02T10:54:40.349+0800: 1902555.104: [DefNew: 420345K->899K(471872K), 0.0318183 secs] 755252K->335806K(996160K), 0.0341160 secs] [Times: user=0.03 sys=0.00, real=0.03 secs] 
2025-08-02T12:37:27.617+0800: 1908722.373: [GC (Allocation Failure) 2025-08-02T12:37:27.619+0800: 1908722.375: [DefNew: 420355K->915K(471872K), 0.0385838 secs] 755262K->335823K(996160K), 0.0409479 secs] [Times: user=0.03 sys=0.00, real=0.04 secs] 
2025-08-02T14:20:23.315+0800: 1914898.070: [GC (Allocation Failure) 2025-08-02T14:20:23.316+0800: 1914898.072: [DefNew: 420371K->926K(471872K), 0.0290243 secs] 755279K->335834K(996160K), 0.0312734 secs] [Times: user=0.03 sys=0.00, real=0.04 secs] 
2025-08-02T16:03:24.086+0800: 1921078.842: [GC (Allocation Failure) 2025-08-02T16:03:24.088+0800: 1921078.844: [DefNew: 420382K->878K(471872K), 0.0247958 secs] 755290K->335787K(996160K), 0.0270739 secs] [Times: user=0.03 sys=0.01, real=0.02 secs] 
2025-08-02T17:46:22.634+0800: 1927257.390: [GC (Allocation Failure) 2025-08-02T17:46:22.636+0800: 1927257.391: [DefNew: 420334K->917K(471872K), 0.0355777 secs] 755243K->335826K(996160K), 0.0378949 secs] [Times: user=0.01 sys=0.03, real=0.04 secs] 
2025-08-02T19:29:24.901+0800: 1933439.657: [GC (Allocation Failure) 2025-08-02T19:29:24.903+0800: 1933439.659: [DefNew: 420373K->906K(471872K), 0.0204796 secs] 755282K->335816K(996160K), 0.0227334 secs] [Times: user=0.03 sys=0.00, real=0.03 secs] 
2025-08-02T21:12:31.639+0800: 1939626.395: [GC (Allocation Failure) 2025-08-02T21:12:31.641+0800: 1939626.397: [DefNew: 420362K->928K(471872K), 0.0297778 secs] 755272K->335838K(996160K), 0.0320781 secs] [Times: user=0.03 sys=0.00, real=0.03 secs] 
2025-08-02T22:55:48.271+0800: 1945823.027: [GC (Allocation Failure) 2025-08-02T22:55:48.273+0800: 1945823.029: [DefNew: 420384K->879K(471872K), 0.0222963 secs] 755294K->335789K(996160K), 0.0246613 secs] [Times: user=0.02 sys=0.00, real=0.03 secs] 
2025-08-03T00:37:35.907+0800: 1951930.662: [GC (Allocation Failure) 2025-08-03T00:37:35.909+0800: 1951930.665: [DefNew: 420335K->890K(471872K), 0.0277891 secs] 755245K->335800K(996160K), 0.0306447 secs] [Times: user=0.04 sys=0.00, real=0.03 secs] 
2025-08-03T02:20:22.308+0800: 1958097.064: [GC (Allocation Failure) 2025-08-03T02:20:22.310+0800: 1958097.066: [DefNew: 420346K->896K(471872K), 0.0294382 secs] 755256K->335809K(996160K), 0.0317887 secs] [Times: user=0.04 sys=0.00, real=0.03 secs] 
2025-08-03T04:03:20.778+0800: 1964275.534: [GC (Allocation Failure) 2025-08-03T04:03:20.780+0800: 1964275.535: [DefNew: 420352K->923K(471872K), 0.0259351 secs] 755265K->335837K(996160K), 0.0282947 secs] [Times: user=0.03 sys=0.00, real=0.03 secs] 
2025-08-03T05:46:14.952+0800: 1970449.708: [GC (Allocation Failure) 2025-08-03T05:46:14.954+0800: 1970449.709: [DefNew: 420379K->918K(471872K), 0.0320970 secs] 755293K->335832K(996160K), 0.0344848 secs] [Times: user=0.02 sys=0.02, real=0.04 secs] 
2025-08-03T07:29:17.924+0800: 1976632.680: [GC (Allocation Failure) 2025-08-03T07:29:17.926+0800: 1976632.682: [DefNew: 420374K->889K(471872K), 0.0294221 secs] 755288K->335803K(996160K), 0.0317854 secs] [Times: user=0.04 sys=0.00, real=0.04 secs] 
2025-08-03T09:12:15.195+0800: 1982809.951: [GC (Allocation Failure) 2025-08-03T09:12:15.197+0800: 1982809.952: [DefNew: 420345K->891K(471872K), 0.0215639 secs] 755259K->335805K(996160K), 0.0239135 secs] [Times: user=0.03 sys=0.00, real=0.03 secs] 
2025-08-03T10:55:13.750+0800: 1988988.506: [GC (Allocation Failure) 2025-08-03T10:55:13.752+0800: 1988988.508: [DefNew: 420347K->909K(471872K), 0.0237546 secs] 755261K->335824K(996160K), 0.0260741 secs] [Times: user=0.03 sys=0.00, real=0.03 secs] 
2025-08-03T12:38:11.671+0800: 1995166.427: [GC (Allocation Failure) 2025-08-03T12:38:11.673+0800: 1995166.428: [DefNew: 420365K->918K(471872K), 0.0288766 secs] 755280K->335834K(996160K), 0.0312284 secs] [Times: user=0.03 sys=0.01, real=0.03 secs] 
2025-08-03T14:21:07.132+0800: 2001341.887: [GC (Allocation Failure) 2025-08-03T14:21:07.133+0800: 2001341.889: [DefNew: 420374K->882K(471872K), 0.0197867 secs] 755290K->335797K(996160K), 0.0220439 secs] [Times: user=0.02 sys=0.00, real=0.02 secs] 
2025-08-03T16:03:50.098+0800: 2007504.854: [GC (Allocation Failure) 2025-08-03T16:03:50.100+0800: 2007504.856: [DefNew: 420338K->885K(471872K), 0.0341886 secs] 755253K->335801K(996160K), 0.0364945 secs] [Times: user=0.03 sys=0.00, real=0.03 secs] 
2025-08-03T17:46:34.220+0800: 2013668.976: [GC (Allocation Failure) 2025-08-03T17:46:34.222+0800: 2013668.978: [DefNew: 420341K->897K(471872K), 0.0322697 secs] 755257K->335813K(996160K), 0.0346087 secs] [Times: user=0.02 sys=0.01, real=0.04 secs] 
2025-08-03T19:29:42.405+0800: 2019857.161: [GC (Allocation Failure) 2025-08-03T19:29:42.407+0800: 2019857.162: [DefNew: 420353K->915K(471872K), 0.0241203 secs] 755269K->335832K(996160K), 0.0262979 secs] [Times: user=0.03 sys=0.01, real=0.02 secs] 
2025-08-03T21:12:48.673+0800: 2026043.429: [GC (Allocation Failure) 2025-08-03T21:12:48.675+0800: 2026043.431: [DefNew: 420371K->865K(471872K), 0.0298980 secs] 755288K->335782K(996160K), 0.0321383 secs] [Times: user=0.03 sys=0.00, real=0.04 secs] 
2025-08-03T22:55:29.242+0800: 2032203.997: [GC (Allocation Failure) 2025-08-03T22:55:29.243+0800: 2032203.999: [DefNew: 420321K->886K(471872K), 0.0348839 secs] 755238K->335804K(996160K), 0.0371605 secs] [Times: user=0.01 sys=0.03, real=0.04 secs] 
2025-08-04T00:38:01.712+0800: 2038356.468: [GC (Allocation Failure) 2025-08-04T00:38:01.714+0800: 2038356.470: [DefNew: 420342K->895K(471872K), 0.0236529 secs] 755260K->335813K(996160K), 0.0260137 secs] [Times: user=0.02 sys=0.00, real=0.03 secs] 
2025-08-04T02:20:38.361+0800: 2044513.117: [GC (Allocation Failure) 2025-08-04T02:20:38.363+0800: 2044513.119: [DefNew: 420351K->910K(471872K), 0.0327650 secs] 755269K->335830K(996160K), 0.0350879 secs] [Times: user=0.03 sys=0.02, real=0.04 secs] 
2025-08-04T04:03:44.621+0800: 2050699.377: [GC (Allocation Failure) 2025-08-04T04:03:44.623+0800: 2050699.379: [DefNew: 420366K->915K(471872K), 0.0300852 secs] 755286K->335836K(996160K), 0.0324048 secs] [Times: user=0.02 sys=0.02, real=0.03 secs] 
2025-08-04T05:46:48.430+0800: 2056883.185: [GC (Allocation Failure) 2025-08-04T05:46:48.431+0800: 2056883.187: [DefNew: 420371K->882K(471872K), 0.0288566 secs] 755292K->335804K(996160K), 0.0311934 secs] [Times: user=0.02 sys=0.00, real=0.03 secs] 
2025-08-04T07:29:59.585+0800: 2063074.341: [GC (Allocation Failure) 2025-08-04T07:29:59.587+0800: 2063074.343: [DefNew: 420338K->890K(471872K), 0.0230405 secs] 755260K->335811K(996160K), 0.0253643 secs] [Times: user=0.03 sys=0.00, real=0.02 secs] 
2025-08-04T09:13:05.679+0800: 2069260.435: [GC (Allocation Failure) 2025-08-04T09:13:05.681+0800: 2069260.437: [DefNew: 420346K->905K(471872K), 0.0361039 secs] 755267K->335826K(996160K), 0.0383416 secs] [Times: user=0.04 sys=0.00, real=0.04 secs] 
2025-08-04T10:55:46.721+0800: 2075421.477: [GC (Allocation Failure) 2025-08-04T10:55:46.723+0800: 2075421.479: [DefNew: 420361K->909K(471872K), 0.0326253 secs] 755282K->335831K(996160K), 0.0349706 secs] [Times: user=0.03 sys=0.01, real=0.04 secs] 
2025-08-04T12:38:35.691+0800: 2081590.447: [GC (Allocation Failure) 2025-08-04T12:38:35.693+0800: 2081590.448: [DefNew: 420365K->874K(471872K), 0.0343186 secs] 755287K->335797K(996160K), 0.0366567 secs] [Times: user=0.01 sys=0.03, real=0.04 secs] 
2025-08-04T14:21:33.948+0800: 2087768.703: [GC (Allocation Failure) 2025-08-04T14:21:33.949+0800: 2087768.705: [DefNew: 420330K->881K(471872K), 0.0323881 secs] 755253K->335804K(996160K), 0.0346755 secs] [Times: user=0.02 sys=0.01, real=0.03 secs] 
2025-08-04T16:04:41.648+0800: 2093956.403: [GC (Allocation Failure) 2025-08-04T16:04:41.649+0800: 2093956.405: [DefNew: 420337K->903K(471872K), 0.0290738 secs] 755260K->335827K(996160K), 0.0313455 secs] [Times: user=0.03 sys=0.00, real=0.03 secs] 
2025-08-04T17:47:48.189+0800: 2100142.944: [GC (Allocation Failure) 2025-08-04T17:47:48.190+0800: 2100142.946: [DefNew: 420359K->910K(471872K), 0.0343776 secs] 755283K->335834K(996160K), 0.0366683 secs] [Times: user=0.03 sys=0.01, real=0.04 secs] 
2025-08-04T19:31:05.854+0800: 2106340.609: [GC (Allocation Failure) 2025-08-04T19:31:05.855+0800: 2106340.611: [DefNew: 420366K->934K(471872K), 0.0295288 secs] 755290K->335858K(996160K), 0.0318064 secs] [Times: user=0.03 sys=0.00, real=0.04 secs] 
2025-08-04T21:14:13.830+0800: 2112528.586: [GC (Allocation Failure) 2025-08-04T21:14:13.832+0800: 2112528.588: [DefNew: 420390K->881K(471872K), 0.0274506 secs] 755314K->335806K(996160K), 0.0298036 secs] [Times: user=0.04 sys=0.00, real=0.03 secs] 
2025-08-04T22:57:05.006+0800: 2118699.762: [GC (Allocation Failure) 2025-08-04T22:57:05.008+0800: 2118699.764: [DefNew: 420337K->902K(471872K), 0.0365593 secs] 755262K->335826K(996160K), 0.0389626 secs] [Times: user=0.04 sys=0.00, real=0.04 secs] 
2025-08-05T00:39:17.964+0800: 2124832.720: [GC (Allocation Failure) 2025-08-05T00:39:17.966+0800: 2124832.722: [DefNew: 420358K->901K(471872K), 0.0331226 secs] 755282K->335826K(996160K), 0.0355055 secs] [Times: user=0.01 sys=0.03, real=0.03 secs] 
2025-08-05T02:21:58.693+0800: 2130993.448: [GC (Allocation Failure) 2025-08-05T02:21:58.694+0800: 2130993.450: [DefNew: 420357K->917K(471872K), 0.0332315 secs] 755282K->335845K(996160K), 0.0353621 secs] [Times: user=0.03 sys=0.01, real=0.04 secs] 
2025-08-05T04:05:04.620+0800: 2137179.375: [GC (Allocation Failure) 2025-08-05T04:05:04.621+0800: 2137179.377: [DefNew: 420373K->870K(471872K), 0.0191905 secs] 755301K->335798K(996160K), 0.0212240 secs] [Times: user=0.03 sys=0.00, real=0.02 secs] 
2025-08-05T05:48:03.677+0800: 2143358.433: [GC (Allocation Failure) 2025-08-05T05:48:03.679+0800: 2143358.435: [DefNew: 420326K->884K(471872K), 0.0344771 secs] 755254K->335812K(996160K), 0.0367840 secs] [Times: user=0.03 sys=0.01, real=0.03 secs] 
2025-08-05T07:31:12.457+0800: 2149547.212: [GC (Allocation Failure) 2025-08-05T07:31:12.458+0800: 2149547.214: [DefNew: 420340K->906K(471872K), 0.0250154 secs] 755268K->335835K(996160K), 0.0272741 secs] [Times: user=0.03 sys=0.01, real=0.03 secs] 
2025-08-05T09:13:51.215+0800: 2155705.971: [GC (Allocation Failure) 2025-08-05T09:13:51.217+0800: 2155705.973: [DefNew: 420362K->912K(471872K), 0.0278677 secs] 755291K->335841K(996160K), 0.0301763 secs] [Times: user=0.03 sys=0.00, real=0.04 secs] 
2025-08-05T10:56:39.028+0800: 2161873.784: [GC (Allocation Failure) 2025-08-05T10:56:39.031+0800: 2161873.786: [DefNew: 420368K->928K(471872K), 0.0440215 secs] 755297K->335857K(996160K), 0.0469795 secs] [Times: user=0.03 sys=0.02, real=0.05 secs] 
2025-08-05T12:39:19.438+0800: 2168034.194: [GC (Allocation Failure) 2025-08-05T12:39:19.440+0800: 2168034.196: [DefNew: 420384K->880K(471872K), 0.0355188 secs] 755313K->335810K(996160K), 0.0377851 secs] [Times: user=0.04 sys=0.01, real=0.04 secs] 
2025-08-05T14:22:23.553+0800: 2174218.309: [GC (Allocation Failure) 2025-08-05T14:22:23.555+0800: 2174218.311: [DefNew: 420336K->899K(471872K), 0.0363221 secs] 755266K->335829K(996160K), 0.0385848 secs] [Times: user=0.04 sys=0.00, real=0.04 secs] 
2025-08-05T16:05:07.810+0800: 2180382.566: [GC (Allocation Failure) 2025-08-05T16:05:07.812+0800: 2180382.567: [DefNew: 420355K->900K(471872K), 0.0351389 secs] 755285K->335831K(996160K), 0.0375436 secs] [Times: user=0.03 sys=0.00, real=0.04 secs] 
2025-08-05T17:48:13.319+0800: 2186568.075: [GC (Allocation Failure) 2025-08-05T17:48:13.321+0800: 2186568.076: [DefNew: 420356K->920K(471872K), 0.0324785 secs] 755287K->335851K(996160K), 0.0347466 secs] [Times: user=0.04 sys=0.00, real=0.03 secs] 
2025-08-05T19:31:21.013+0800: 2192755.769: [GC (Allocation Failure) 2025-08-05T19:31:21.015+0800: 2192755.770: [DefNew: 420376K->874K(471872K), 0.0304978 secs] 755307K->335805K(996160K), 0.0327717 secs] [Times: user=0.02 sys=0.01, real=0.04 secs] 
2025-08-05T21:14:25.466+0800: 2198940.222: [GC (Allocation Failure) 2025-08-05T21:14:25.468+0800: 2198940.224: [DefNew: 420322K->909K(471872K), 0.0332212 secs] 755253K->335840K(996160K), 0.0355094 secs] [Times: user=0.03 sys=0.01, real=0.03 secs] 
2025-08-05T22:57:09.597+0800: 2205104.353: [GC (Allocation Failure) 2025-08-05T22:57:09.599+0800: 2205104.355: [DefNew: 420365K->899K(471872K), 0.0265775 secs] 755296K->335831K(996160K), 0.0288778 secs] [Times: user=0.02 sys=0.01, real=0.03 secs] 
2025-08-06T00:39:26.583+0800: 2211241.339: [GC (Allocation Failure) 2025-08-06T00:39:26.585+0800: 2211241.341: [DefNew: 420355K->916K(471872K), 0.0339518 secs] 755287K->335848K(996160K), 0.0362646 secs] [Times: user=0.03 sys=0.01, real=0.04 secs] 
2025-08-06T02:22:03.859+0800: 2217398.615: [GC (Allocation Failure) 2025-08-06T02:22:03.861+0800: 2217398.617: [DefNew: 420372K->921K(471872K), 0.0225217 secs] 755304K->335856K(996160K), 0.0247148 secs] [Times: user=0.03 sys=0.00, real=0.03 secs] 
2025-08-06T04:05:10.865+0800: 2223585.620: [GC (Allocation Failure) 2025-08-06T04:05:10.866+0800: 2223585.622: [DefNew: 420377K->892K(471872K), 0.0251105 secs] 755312K->335827K(996160K), 0.0274542 secs] [Times: user=0.03 sys=0.00, real=0.02 secs] 
2025-08-06T05:48:15.919+0800: 2229770.675: [GC (Allocation Failure) 2025-08-06T05:48:15.921+0800: 2229770.677: [DefNew: 420348K->893K(471872K), 0.0262903 secs] 755283K->335829K(996160K), 0.0285439 secs] [Times: user=0.03 sys=0.00, real=0.03 secs] 
2025-08-06T07:31:26.628+0800: 2235961.384: [GC (Allocation Failure) 2025-08-06T07:31:26.630+0800: 2235961.386: [DefNew: 420349K->913K(471872K), 0.0281609 secs] 755285K->335849K(996160K), 0.0304808 secs] [Times: user=0.04 sys=0.00, real=0.03 secs] 
2025-08-06T09:14:26.866+0800: 2242141.622: [GC (Allocation Failure) 2025-08-06T09:14:26.868+0800: 2242141.624: [DefNew: 420369K->921K(471872K), 0.0311309 secs] 755305K->335858K(996160K), 0.0334097 secs] [Times: user=0.03 sys=0.00, real=0.03 secs] 
2025-08-06T10:57:27.615+0800: 2248322.371: [GC (Allocation Failure) 2025-08-06T10:57:27.617+0800: 2248322.373: [DefNew: 420377K->884K(471872K), 0.0280926 secs] 755314K->335820K(996160K), 0.0300834 secs] [Times: user=0.02 sys=0.01, real=0.04 secs] 
2025-08-06T12:40:18.404+0800: 2254493.160: [GC (Allocation Failure) 2025-08-06T12:40:18.406+0800: 2254493.162: [DefNew: 420340K->889K(471872K), 0.0360356 secs] 755276K->335827K(996160K), 0.0384887 secs] [Times: user=0.03 sys=0.01, real=0.03 secs] 
2025-08-06T14:23:27.950+0800: 2260682.706: [GC (Allocation Failure) 2025-08-06T14:23:27.952+0800: 2260682.708: [DefNew: 420345K->898K(471872K), 0.0340922 secs] 755283K->335836K(996160K), 0.0365321 secs] [Times: user=0.03 sys=0.01, real=0.04 secs] 
2025-08-06T16:06:21.424+0800: 2266856.180: [GC (Allocation Failure) 2025-08-06T16:06:21.426+0800: 2266856.182: [DefNew: 420354K->921K(471872K), 0.0370735 secs] 755292K->335859K(996160K), 0.0395625 secs] [Times: user=0.03 sys=0.01, real=0.05 secs] 
2025-08-06T17:49:14.913+0800: 2273029.669: [GC (Allocation Failure) 2025-08-06T17:49:14.915+0800: 2273029.671: [DefNew: 420377K->863K(471872K), 0.0343401 secs] 755315K->335802K(996160K), 0.0368265 secs] [Times: user=0.00 sys=0.04, real=0.04 secs] 
2025-08-06T19:31:57.921+0800: 2279192.676: [GC (Allocation Failure) 2025-08-06T19:31:57.922+0800: 2279192.678: [DefNew: 420319K->885K(471872K), 0.0343069 secs] 755258K->335823K(996160K), 0.0366297 secs] [Times: user=0.02 sys=0.02, real=0.04 secs] 
2025-08-06T21:15:08.429+0800: 2285383.184: [GC (Allocation Failure) 2025-08-06T21:15:08.430+0800: 2285383.186: [DefNew: 420341K->894K(471872K), 0.0409066 secs] 755279K->335833K(996160K), 0.0431551 secs] [Times: user=0.02 sys=0.03, real=0.04 secs] 
2025-08-06T22:58:13.968+0800: 2291568.724: [GC (Allocation Failure) 2025-08-06T22:58:13.970+0800: 2291568.726: [DefNew: 420350K->919K(471872K), 0.0355900 secs] 755289K->335858K(996160K), 0.0378523 secs] [Times: user=0.01 sys=0.03, real=0.04 secs] 
2025-08-07T00:40:39.501+0800: 2297714.257: [GC (Allocation Failure) 2025-08-07T00:40:39.503+0800: 2297714.259: [DefNew: 420375K->923K(471872K), 0.0340846 secs] 755314K->335863K(996160K), 0.0363669 secs] [Times: user=0.04 sys=0.00, real=0.04 secs] 
2025-08-07T02:23:16.743+0800: 2303871.498: [GC (Allocation Failure) 2025-08-07T02:23:16.744+0800: 2303871.500: [DefNew: 420379K->885K(471872K), 0.0333633 secs] 755319K->335827K(996160K), 0.0355816 secs] [Times: user=0.02 sys=0.01, real=0.04 secs] 
2025-08-07T04:06:26.796+0800: 2310061.551: [GC (Allocation Failure) 2025-08-07T04:06:26.797+0800: 2310061.553: [DefNew: 420341K->899K(471872K), 0.0353512 secs] 755283K->335842K(996160K), 0.0375645 secs] [Times: user=0.04 sys=0.00, real=0.04 secs] 
2025-08-07T05:49:21.333+0800: 2316236.088: [GC (Allocation Failure) 2025-08-07T05:49:21.334+0800: 2316236.090: [DefNew: 420355K->910K(471872K), 0.0333942 secs] 755298K->335853K(996160K), 0.0357371 secs] [Times: user=0.03 sys=0.01, real=0.04 secs] 
2025-08-07T07:32:26.600+0800: 2322421.356: [GC (Allocation Failure) 2025-08-07T07:32:26.603+0800: 2322421.359: [DefNew: 420366K->917K(471872K), 0.0415901 secs] 755309K->335860K(996160K), 0.0458365 secs] [Times: user=0.04 sys=0.01, real=0.05 secs] 
2025-08-07T09:15:06.223+0800: 2328580.979: [GC (Allocation Failure) 2025-08-07T09:15:06.225+0800: 2328580.981: [DefNew: 420373K->879K(471872K), 0.0249292 secs] 755316K->335822K(996160K), 0.0271837 secs] [Times: user=0.03 sys=0.00, real=0.03 secs] 
2025-08-07T10:57:52.796+0800: 2334747.552: [GC (Allocation Failure) 2025-08-07T10:57:52.798+0800: 2334747.554: [DefNew: 420335K->889K(471872K), 0.0377456 secs] 755278K->335833K(996160K), 0.0403747 secs] [Times: user=0.05 sys=0.00, real=0.05 secs] 
